Archive member included to satisfy reference by file (symbol)

C:/Users/ROBERT~1/PICO-S~1/TOOLCH~1/14_2_R~1/bin/../lib/gcc/arm-none-eabi/14.2.1/thumb/v8-m.main+fp/softfp\libm.a(libm_a-wf_sqrt.o)
                              CMakeFiles/4DOFArm.dir/C_/Users/Roberto_Carrillo/.pico-sdk/sdk/2.2.0/src/rp2_common/pico_float/float_math.c.obj (sqrtf)
C:/Users/ROBERT~1/PICO-S~1/TOOLCH~1/14_2_R~1/bin/../lib/gcc/arm-none-eabi/14.2.1/thumb/v8-m.main+fp/softfp\libm.a(libm_a-ef_sqrt.o)
                              C:/Users/ROBERT~1/PICO-S~1/TOOLCH~1/14_2_R~1/bin/../lib/gcc/arm-none-eabi/14.2.1/thumb/v8-m.main+fp/softfp\libm.a(libm_a-wf_sqrt.o) (__ieee754_sqrtf)
C:/Users/ROBERT~1/PICO-S~1/TOOLCH~1/14_2_R~1/bin/../lib/gcc/arm-none-eabi/14.2.1/thumb/v8-m.main+fp/softfp\libgcc.a(_arm_addsubdf3.o)
                              CMakeFiles/4DOFArm.dir/C_/Users/Roberto_Carrillo/.pico-sdk/sdk/2.2.0/src/rp2_common/pico_float/float_math.c.obj (__aeabi_f2d)
C:/Users/ROBERT~1/PICO-S~1/TOOLCH~1/14_2_R~1/bin/../lib/gcc/arm-none-eabi/14.2.1/thumb/v8-m.main+fp/softfp\libgcc.a(_aeabi_ldivmod.o)
                              CMakeFiles/4DOFArm.dir/C_/Users/Roberto_Carrillo/.pico-sdk/sdk/2.2.0/src/common/pico_time/time.c.obj (__aeabi_ldivmod)
C:/Users/ROBERT~1/PICO-S~1/TOOLCH~1/14_2_R~1/bin/../lib/gcc/arm-none-eabi/14.2.1/thumb/v8-m.main+fp/softfp\libgcc.a(_aeabi_uldivmod.o)
                              CMakeFiles/4DOFArm.dir/C_/Users/Roberto_Carrillo/.pico-sdk/sdk/2.2.0/src/rp2_common/hardware_clocks/clocks.c.obj (__aeabi_uldivmod)
C:/Users/ROBERT~1/PICO-S~1/TOOLCH~1/14_2_R~1/bin/../lib/gcc/arm-none-eabi/14.2.1/thumb/v8-m.main+fp/softfp\libgcc.a(_udivmoddi4.o)
                              C:/Users/ROBERT~1/PICO-S~1/TOOLCH~1/14_2_R~1/bin/../lib/gcc/arm-none-eabi/14.2.1/thumb/v8-m.main+fp/softfp\libgcc.a(_aeabi_ldivmod.o) (__udivmoddi4)
C:/Users/ROBERT~1/PICO-S~1/TOOLCH~1/14_2_R~1/bin/../lib/gcc/arm-none-eabi/14.2.1/thumb/v8-m.main+fp/softfp\libgcc.a(_dvmd_tls.o)
                              C:/Users/ROBERT~1/PICO-S~1/TOOLCH~1/14_2_R~1/bin/../lib/gcc/arm-none-eabi/14.2.1/thumb/v8-m.main+fp/softfp\libgcc.a(_aeabi_ldivmod.o) (__aeabi_ldiv0)
C:/Users/ROBERT~1/PICO-S~1/TOOLCH~1/14_2_R~1/bin/../lib/gcc/arm-none-eabi/14.2.1/thumb/v8-m.main+fp/softfp\libg.a(libc_a-calloc.o)
                              CMakeFiles/4DOFArm.dir/C_/Users/Roberto_Carrillo/.pico-sdk/sdk/2.2.0/src/rp2_common/pico_malloc/malloc.c.obj (calloc)
C:/Users/ROBERT~1/PICO-S~1/TOOLCH~1/14_2_R~1/bin/../lib/gcc/arm-none-eabi/14.2.1/thumb/v8-m.main+fp/softfp\libg.a(libc_a-callocr.o)
                              C:/Users/ROBERT~1/PICO-S~1/TOOLCH~1/14_2_R~1/bin/../lib/gcc/arm-none-eabi/14.2.1/thumb/v8-m.main+fp/softfp\libg.a(libc_a-calloc.o) (_calloc_r)
C:/Users/ROBERT~1/PICO-S~1/TOOLCH~1/14_2_R~1/bin/../lib/gcc/arm-none-eabi/14.2.1/thumb/v8-m.main+fp/softfp\libg.a(libc_a-malloc.o)
                              CMakeFiles/4DOFArm.dir/C_/Users/Roberto_Carrillo/.pico-sdk/sdk/2.2.0/src/rp2_common/pico_malloc/malloc.c.obj (malloc)
C:/Users/ROBERT~1/PICO-S~1/TOOLCH~1/14_2_R~1/bin/../lib/gcc/arm-none-eabi/14.2.1/thumb/v8-m.main+fp/softfp\libg.a(libc_a-mallocr.o)
                              C:/Users/ROBERT~1/PICO-S~1/TOOLCH~1/14_2_R~1/bin/../lib/gcc/arm-none-eabi/14.2.1/thumb/v8-m.main+fp/softfp\libg.a(libc_a-callocr.o) (_malloc_r)
C:/Users/ROBERT~1/PICO-S~1/TOOLCH~1/14_2_R~1/bin/../lib/gcc/arm-none-eabi/14.2.1/thumb/v8-m.main+fp/softfp\libg.a(libc_a-mlock.o)
                              C:/Users/ROBERT~1/PICO-S~1/TOOLCH~1/14_2_R~1/bin/../lib/gcc/arm-none-eabi/14.2.1/thumb/v8-m.main+fp/softfp\libg.a(libc_a-mallocr.o) (__malloc_lock)
C:/Users/ROBERT~1/PICO-S~1/TOOLCH~1/14_2_R~1/bin/../lib/gcc/arm-none-eabi/14.2.1/thumb/v8-m.main+fp/softfp\libg.a(libc_a-realloc.o)
                              CMakeFiles/4DOFArm.dir/C_/Users/Roberto_Carrillo/.pico-sdk/sdk/2.2.0/src/rp2_common/pico_malloc/malloc.c.obj (realloc)
C:/Users/ROBERT~1/PICO-S~1/TOOLCH~1/14_2_R~1/bin/../lib/gcc/arm-none-eabi/14.2.1/thumb/v8-m.main+fp/softfp\libg.a(libc_a-reallocr.o)
                              C:/Users/ROBERT~1/PICO-S~1/TOOLCH~1/14_2_R~1/bin/../lib/gcc/arm-none-eabi/14.2.1/thumb/v8-m.main+fp/softfp\libg.a(libc_a-realloc.o) (_realloc_r)
C:/Users/ROBERT~1/PICO-S~1/TOOLCH~1/14_2_R~1/bin/../lib/gcc/arm-none-eabi/14.2.1/thumb/v8-m.main+fp/softfp\libg.a(libc_a-memcmp.o)
                              CMakeFiles/4DOFArm.dir/C_/Users/Roberto_Carrillo/.pico-sdk/sdk/2.2.0/src/rp2_common/pico_atomic/atomic.c.obj (memcmp)
C:/Users/ROBERT~1/PICO-S~1/TOOLCH~1/14_2_R~1/bin/../lib/gcc/arm-none-eabi/14.2.1/thumb/v8-m.main+fp/softfp\libg.a(libc_a-memmove.o)
                              C:/Users/ROBERT~1/PICO-S~1/TOOLCH~1/14_2_R~1/bin/../lib/gcc/arm-none-eabi/14.2.1/thumb/v8-m.main+fp/softfp\libg.a(libc_a-reallocr.o) (memmove)
C:/Users/ROBERT~1/PICO-S~1/TOOLCH~1/14_2_R~1/bin/../lib/gcc/arm-none-eabi/14.2.1/thumb/v8-m.main+fp/softfp\libg.a(libc_a-memset.o)
[...]
Memory Configuration

Name             Origin             Length             Attributes
FLASH            0x10000000         0x00400000         xr
RAM              0x20000000         0x00080000         xrw
SCRATCH_X        0x20080000         0x00001000         xrw
SCRATCH_Y        0x20081000         0x00001000         xrw
*default*        0x00000000         0xffffffff

Linker script and memory map

LOAD C:/Users/ROBERT~1/PICO-S~1/TOOLCH~1/14_2_R~1/bin/../lib/gcc/arm-none-eabi/14.2.1/thumb/v8-m.main+fp/softfp/crti.o
LOAD C:/Users/ROBERT~1/PICO-S~1/TOOLCH~1/14_2_R~1/bin/../lib/gcc/arm-none-eabi/14.2.1/thumb/v8-m.main+fp/softfp/crtbegin.o
LOAD C:/Users/ROBERT~1/PICO-S~1/TOOLCH~1/14_2_R~1/bin/../lib/gcc/arm-none-eabi/14.2.1/thumb/v8-m.main+fp/softfp/crt0.o

.flash_begin    0x10000000        0x0
                0x10000000                        __flash_binary_start = .

.text           0x10000000     0x1624
                0x10000000                        __logical_binary_start = .
 *(.vectors)
 .vectors       0x10000000      0x124 CMakeFiles/4DOFArm.dir/C_/Users/Roberto_Carrillo/.pico-sdk/sdk/2.2.0/src/rp2_common/pico_crt0/crt0.S.obj
                0x10000000                __VECTOR_TABLE
                0x10000000                __vectors
                0x10000110                __unhandled_user_irq
                0x10000110                isr_irq49
                0x10000110                isr_irq13
                0x10000110                isr_irq43
                0x10000110                isr_irq45
                0x10000110                isr_irq27
                0x10000110                isr_irq32
                0x10000110                isr_irq31
                0x10000110                isr_irq12
                0x10000110                isr_irq5
                0x10000110                isr_irq11
                0x10000110                isr_irq3
                0x10000110                isr_irq23
                0x10000110                isr_usagefault
                0x10000110                isr_irq48
                0x10000110                isr_irq30
                0x10000110                isr_irq18
                0x10000110                isr_irq50
                0x10000110                isr_irq33
                0x10000110                isr_irq40
                0x10000110                isr_irq28
                0x10000110                isr_irq19
                0x10000110                isr_irq36
                0x10000110                isr_irq41
                0x10000110                isr_irq0
                0x10000110                isr_irq6
                0x10000110                isr_irq26
                0x10000110                isr_irq29
                0x10000110                isr_memmanage
                0x10000110                isr_irq37
                0x10000110                isr_irq42
                0x10000110                isr_irq22
                0x10000110                isr_irq35
                0x10000110                isr_irq17
                0x10000110                isr_irq38
                0x10000110                isr_irq14
                0x10000110                __vectors_end
                0x10000110                __default_isrs_start
                0x10000110                isr_irq2
                0x10000110                isr_irq10
                0x10000110                isr_irq8
                0x10000110                isr_debugmonitor
                0x10000110                isr_irq24
                0x10000110                isr_irq46
                0x10000110                isr_irq1
                0x10000110                isr_irq47
                0x10000110                isr_irq51
                0x10000110                isr_irq7
                0x10000110                isr_irq21
                0x10000110                isr_irq39
                0x10000110                isr_irq20
                0x10000110                isr_irq15
                0x10000110                isr_irq25
                0x10000110                isr_irq34
                0x10000110                isr_irq44
                0x10000110                isr_securefault
                0x10000110                isr_irq4
                0x10000110                isr_busfault
                0x10000110                isr_irq16
                0x10000110                isr_irq9
                0x10000116                unhandled_user_irq_num_in_r0
                0x10000118                isr_invalid
                0x1000011a                isr_nmi
                0x1000011c                isr_hardfault
                0x1000011e                isr_svcall
                0x10000120                isr_pendsv
                0x10000122                isr_systick
                0x10000124                __default_isrs_end
 *(.binary_info_header)
 .binary_info_header
                0x10000124       0x14 CMakeFiles/4DOFArm.dir/C_/Users/Roberto_Carrillo/.pico-sdk/sdk/2.2.0/src/rp2_common/pico_crt0/crt0.S.obj
                0x10000138                        __binary_info_header_end = .
 *(.embedded_block)
 .embedded_block
                0x10000138       0x14 CMakeFiles/4DOFArm.dir/C_/Users/Roberto_Carrillo/.pico-sdk/sdk/2.2.0/src/rp2_common/pico_crt0/crt0.S.obj
                0x1000014c                        __embedded_block_end = .
 *(.reset)
 .reset         0x1000014c       0x98 CMakeFiles/4DOFArm.dir/C_/Users/Roberto_Carrillo/.pico-sdk/sdk/2.2.0/src/rp2_common/pico_crt0/crt0.S.obj
                0x1000014c                _entry_point
 *(.init)
 .init          0x100001e4        0x4 C:/Users/ROBERT~1/PICO-S~1/TOOLCH~1/14_2_R~1/bin/../lib/gcc/arm-none-eabi/14.2.1/thumb/v8-m.main+fp/softfp/crti.o
                0x100001e4                _init
 SORT_BY_NAME(REVERSE(*libgcc.a:cmse_nonsecure_call.o))()
 *(EXCLUDE_FILE(*libm.a: *libc.a:*lib_a-mem*.o *libgcc.a:) .text*)
 .text.register_tm_clones
                0x100001e8       0x28 C:/Users/ROBERT~1/PICO-S~1/TOOLCH~1/14_2_R~1/bin/../lib/gcc/arm-none-eabi/14.2.1/thumb/v8-m.main+fp/softfp/crtbegin.o
 .text.frame_dummy
                0x10000210       0x24 C:/Users/ROBERT~1/PICO-S~1/TOOLCH~1/14_2_R~1/bin/../lib/gcc/arm-none-eabi/14.2.1/thumb/v8-m.main+fp/softfp/crtbegin.o
 .text._Z8SPI_initv
                0x10000234       0x38 CMakeFiles/4DOFArm.dir/4DOFArm.cpp.obj
                0x10000234                SPI_init()
 .text._Z8I2C_initv
                0x1000026c       0x3c CMakeFiles/4DOFArm.dir/4DOFArm.cpp.obj
                0x1000026c                I2C_init()
 .text.startup.main
                0x100002a8       0x20 CMakeFiles/4DOFArm.dir/4DOFArm.cpp.obj
                0x100002a8                main
 .text.gpio_set_function
                0x100002c8       0x3c CMakeFiles/4DOFArm.dir/C_/Users/Roberto_Carrillo/.pico-sdk/sdk/2.2.0/src/rp2_common/hardware_gpio/gpio.c.obj
                0x100002c8                gpio_set_function
 .text.gpio_set_pulls
                0x10000304       0x28 CMakeFiles/4DOFArm.dir/C_/Users/Roberto_Carrillo/.pico-sdk/sdk/2.2.0/src/rp2_common/hardware_gpio/gpio.c.obj
                0x10000304                gpio_set_pulls
 .text.panic    0x1000032c       0x30 CMakeFiles/4DOFArm.dir/C_/Users/Roberto_Carrillo/.pico-sdk/sdk/2.2.0/src/rp2_common/pico_platform_panic/panic.c.obj
                0x1000032c                panic
 .text.hw_claim_or_assert
                0x1000035c       0x58 CMakeFiles/4DOFArm.dir/C_/Users/Roberto_Carrillo/.pico-sdk/sdk/2.2.0/src/common/hardware_claim/claim.c.obj
                0x1000035c                hw_claim_or_assert
 .text.next_striped_spin_lock_num
                0x100003b4       0x18 CMakeFiles/4DOFArm.dir/C_/Users/Roberto_Carrillo/.pico-sdk/sdk/2.2.0/src/rp2_common/hardware_sync/sync.c.obj
                0x100003b4                next_striped_spin_lock_num
 .text.spinlock_set_extexclall
                0x100003cc       0x10 CMakeFiles/4DOFArm.dir/C_/Users/Roberto_Carrillo/.pico-sdk/sdk/2.2.0/src/rp2_common/hardware_sync_spin_lock/sync_spin_lock.c.obj
 .text.spin_locks_reset
                0x100003dc       0x18 CMakeFiles/4DOFArm.dir/C_/Users/Roberto_Carrillo/.pico-sdk/sdk/2.2.0/src/rp2_common/hardware_sync_spin_lock/sync_spin_lock.c.obj
                0x100003dc                spin_locks_reset
 .text.runtime_init_per_core_irq_priorities
                0x100003f4       0x40 CMakeFiles/4DOFArm.dir/C_/Users/Roberto_Carrillo/.pico-sdk/sdk/2.2.0/src/rp2_common/hardware_irq/irq.c.obj
                0x100003f4                runtime_init_per_core_irq_priorities
 .text.irq_set_enabled
                0x10000434       0x2c CMakeFiles/4DOFArm.dir/C_/Users/Roberto_Carrillo/.pico-sdk/sdk/2.2.0/src/rp2_common/hardware_irq/irq.c.obj
                0x10000434                irq_set_enabled
 .text.irq_set_exclusive_handler
                0x10000460       0x60 CMakeFiles/4DOFArm.dir/C_/Users/Roberto_Carrillo/.pico-sdk/sdk/2.2.0/src/rp2_common/hardware_irq/irq.c.obj
                0x10000460                irq_set_exclusive_handler
 .text.lock_init
                0x100004c0        0xc CMakeFiles/4DOFArm.dir/C_/Users/Roberto_Carrillo/.pico-sdk/sdk/2.2.0/src/common/pico_sync/lock_core.c.obj
                0x100004c0                lock_init
 .text.runtime_init_mutex
                0x100004cc       0x4c CMakeFiles/4DOFArm.dir/C_/Users/Roberto_Carrillo/.pico-sdk/sdk/2.2.0/src/common/pico_sync/mutex.c.obj
                0x100004cc                runtime_init_mutex
 .text.sleep_until_callback
                0x10000518       0x3c CMakeFiles/4DOFArm.dir/C_/Users/Roberto_Carrillo/.pico-sdk/sdk/2.2.0/src/common/pico_time/time.c.obj
 *fill*         0x10000554        0x4 
 .text.alarm_pool_irq_handler
                0x10000558      0x2f0 CMakeFiles/4DOFArm.dir/C_/Users/Roberto_Carrillo/.pico-sdk/sdk/2.2.0/src/common/pico_time/time.c.obj
 .text.runtime_init_default_alarm_pool
                0x10000848      0x100 CMakeFiles/4DOFArm.dir/C_/Users/Roberto_Carrillo/.pico-sdk/sdk/2.2.0/src/common/pico_time/time.c.obj
                0x10000848                runtime_init_default_alarm_pool
 .text.alarm_pool_add_alarm_at_force_in_context
                0x10000948       0xc8 CMakeFiles/4DOFArm.dir/C_/Users/Roberto_Carrillo/.pico-sdk/sdk/2.2.0/src/common/pico_time/time.c.obj
                0x10000948                alarm_pool_add_alarm_at_force_in_context
 .text.alarm_pool_cancel_alarm
                0x10000a10       0x80 CMakeFiles/4DOFArm.dir/C_/Users/Roberto_Carrillo/.pico-sdk/sdk/2.2.0/src/common/pico_time/time.c.obj
                0x10000a10                alarm_pool_cancel_alarm
 .text.best_effort_wfe_or_timeout
                0x10000a90       0xd4 CMakeFiles/4DOFArm.dir/C_/Users/Roberto_Carrillo/.pico-sdk/sdk/2.2.0/src/common/pico_time/time.c.obj
                0x10000a90                best_effort_wfe_or_timeout
 .text.timer_hardware_alarm_claim
                0x10000b64       0x24 CMakeFiles/4DOFArm.dir/C_/Users/Roberto_Carrillo/.pico-sdk/sdk/2.2.0/src/rp2_common/hardware_timer/timer.c.obj
                0x10000b64                timer_hardware_alarm_claim
 .text.timer_time_us_64
                0x10000b88       0x10 CMakeFiles/4DOFArm.dir/C_/Users/Roberto_Carrillo/.pico-sdk/sdk/2.2.0/src/rp2_common/hardware_timer/timer.c.obj
                0x10000b88                timer_time_us_64
 .text.time_us_64
                0x10000b98       0x14 CMakeFiles/4DOFArm.dir/C_/Users/Roberto_Carrillo/.pico-sdk/sdk/2.2.0/src/rp2_common/hardware_timer/timer.c.obj
                0x10000b98                time_us_64
 .text.clock_configure_undivided
                0x10000bac       0xd0 CMakeFiles/4DOFArm.dir/C_/Users/Roberto_Carrillo/.pico-sdk/sdk/2.2.0/src/rp2_common/hardware_clocks/clocks.c.obj
                0x10000bac                clock_configure_undivided
 .text.clock_get_hz
                0x10000c7c        0xc CMakeFiles/4DOFArm.dir/C_/Users/Roberto_Carrillo/.pico-sdk/sdk/2.2.0/src/rp2_common/hardware_clocks/clocks.c.obj
                0x10000c7c                clock_get_hz
 .text.pll_init
                0x10000c88       0x8c CMakeFiles/4DOFArm.dir/C_/Users/Roberto_Carrillo/.pico-sdk/sdk/2.2.0/src/rp2_common/hardware_pll/pll.c.obj
                0x10000c88                pll_init
 .text.tick_start
                0x10000d14       0x18 CMakeFiles/4DOFArm.dir/C_/Users/Roberto_Carrillo/.pico-sdk/sdk/2.2.0/src/rp2_common/hardware_ticks/ticks.c.obj
                0x10000d14                tick_start
 .text.rom_func_lookup
                0x10000d2c       0x18 CMakeFiles/4DOFArm.dir/C_/Users/Roberto_Carrillo/.pico-sdk/sdk/2.2.0/src/rp2_common/pico_bootrom/bootrom.c.obj
                0x10000d2c                rom_func_lookup
 .text.runtime_init_bootrom_locking_enable
                0x10000d44       0x14 CMakeFiles/4DOFArm.dir/C_/Users/Roberto_Carrillo/.pico-sdk/sdk/2.2.0/src/rp2_common/pico_bootrom/bootrom_lock.c.obj
                0x10000d44                runtime_init_bootrom_locking_enable
 .text.runtime_init_boot_locks_reset
                0x10000d58       0x1c CMakeFiles/4DOFArm.dir/C_/Users/Roberto_Carrillo/.pico-sdk/sdk/2.2.0/src/rp2_common/hardware_boot_lock/boot_lock.c.obj
                0x10000d58                runtime_init_boot_locks_reset
 .text.xosc_init
                0x10000d74       0x30 CMakeFiles/4DOFArm.dir/C_/Users/Roberto_Carrillo/.pico-sdk/sdk/2.2.0/src/rp2_common/hardware_xosc/xosc.c.obj
                0x10000d74                xosc_init
 .text.first_per_core_initializer
                0x10000da4        0x4 CMakeFiles/4DOFArm.dir/C_/Users/Roberto_Carrillo/.pico-sdk/sdk/2.2.0/src/rp2_common/pico_runtime/runtime.c.obj
 .text.hard_assertion_failure
                0x10000da8        0xc CMakeFiles/4DOFArm.dir/C_/Users/Roberto_Carrillo/.pico-sdk/sdk/2.2.0/src/rp2_common/pico_runtime/runtime.c.obj
                0x10000da8                hard_assertion_failure
 .text.runtime_run_initializers
                0x10000db4       0x20 CMakeFiles/4DOFArm.dir/C_/Users/Roberto_Carrillo/.pico-sdk/sdk/2.2.0/src/rp2_common/pico_runtime/runtime.c.obj
                0x10000db4                runtime_run_initializers
 .text.runtime_init_early_resets
                0x10000dd4       0x34 CMakeFiles/4DOFArm.dir/C_/Users/Roberto_Carrillo/.pico-sdk/sdk/2.2.0/src/rp2_common/pico_runtime_init/runtime_init.c.obj
                0x10000dd4                runtime_init_early_resets
 .text.runtime_init_usb_power_down
                0x10000e08       0x1c CMakeFiles/4DOFArm.dir/C_/Users/Roberto_Carrillo/.pico-sdk/sdk/2.2.0/src/rp2_common/pico_runtime_init/runtime_init.c.obj
                0x10000e08                runtime_init_usb_power_down
 .text.runtime_init_per_core_enable_coprocessors
                0x10000e24       0x1c CMakeFiles/4DOFArm.dir/C_/Users/Roberto_Carrillo/.pico-sdk/sdk/2.2.0/src/rp2_common/pico_runtime_init/runtime_init.c.obj
                0x10000e24                runtime_init_per_core_enable_coprocessors
 .text.runtime_init_post_clock_resets
                0x10000e40       0x20 CMakeFiles/4DOFArm.dir/C_/Users/Roberto_Carrillo/.pico-sdk/sdk/2.2.0/src/rp2_common/pico_runtime_init/runtime_init.c.obj
                0x10000e40                runtime_init_post_clock_resets
 .text.runtime_init_bootrom_reset
                0x10000e60       0x14 CMakeFiles/4DOFArm.dir/C_/Users/Roberto_Carrillo/.pico-sdk/sdk/2.2.0/src/rp2_common/pico_runtime_init/runtime_init.c.obj
                0x10000e60                runtime_init_bootrom_reset
 .text.runtime_init_per_core_bootrom_reset
                0x10000e74       0x14 CMakeFiles/4DOFArm.dir/C_/Users/Roberto_Carrillo/.pico-sdk/sdk/2.2.0/src/rp2_common/pico_runtime_init/runtime_init.c.obj
                0x10000e74                runtime_init_per_core_bootrom_reset
 .text.runtime_init_spin_locks_reset
                0x10000e88        0x4 CMakeFiles/4DOFArm.dir/C_/Users/Roberto_Carrillo/.pico-sdk/sdk/2.2.0/src/rp2_common/pico_runtime_init/runtime_init.c.obj
                0x10000e88                runtime_init_spin_locks_reset
 .text.runtime_init_install_ram_vector_table
                0x10000e8c       0x68 CMakeFiles/4DOFArm.dir/C_/Users/Roberto_Carrillo/.pico-sdk/sdk/2.2.0/src/rp2_common/pico_runtime_init/runtime_init.c.obj
                0x10000e8c                runtime_init_install_ram_vector_table
 .text.runtime_init_clocks
                0x10000ef4       0xdc CMakeFiles/4DOFArm.dir/C_/Users/Roberto_Carrillo/.pico-sdk/sdk/2.2.0/src/rp2_common/pico_runtime_init/runtime_init_clocks.c.obj
                0x10000ef4                runtime_init_clocks
 .text._out_char
                0x10000fd0        0x8 CMakeFiles/4DOFArm.dir/C_/Users/Roberto_Carrillo/.pico-sdk/sdk/2.2.0/src/rp2_common/pico_printf/printf.c.obj
 .text.weak_raw_vprintf
                0x10000fd8       0x30 CMakeFiles/4DOFArm.dir/C_/Users/Roberto_Carrillo/.pico-sdk/sdk/2.2.0/src/rp2_common/pico_printf/printf.c.obj
                0x10000fd8                weak_raw_vprintf
 .text._exit    0x10001008        0x4 CMakeFiles/4DOFArm.dir/C_/Users/Roberto_Carrillo/.pico-sdk/sdk/2.2.0/src/rp2_common/pico_clib_interface/newlib_interface.c.obj
                0x10001008                _exit
 .text.exit     0x1000100c        0x8 CMakeFiles/4DOFArm.dir/C_/Users/Roberto_Carrillo/.pico-sdk/sdk/2.2.0/src/rp2_common/pico_clib_interface/newlib_interface.c.obj
                0x1000100c                exit
 .text.runtime_init
                0x10001014       0x24 CMakeFiles/4DOFArm.dir/C_/Users/Roberto_Carrillo/.pico-sdk/sdk/2.2.0/src/rp2_common/pico_clib_interface/newlib_interface.c.obj
                0x10001014                runtime_init
 .text.stdio_out_chars_no_crlf
                0x10001038        0x8 CMakeFiles/4DOFArm.dir/C_/Users/Roberto_Carrillo/.pico-sdk/sdk/2.2.0/src/rp2_common/pico_stdio/stdio.c.obj
 .text.stdio_out_chars_crlf
                0x10001040       0xb0 CMakeFiles/4DOFArm.dir/C_/Users/Roberto_Carrillo/.pico-sdk/sdk/2.2.0/src/rp2_common/pico_stdio/stdio.c.obj
 .text.stdio_put_string
                0x100010f0       0xec CMakeFiles/4DOFArm.dir/C_/Users/Roberto_Carrillo/.pico-sdk/sdk/2.2.0/src/rp2_common/pico_stdio/stdio.c.obj
                0x100010f0                stdio_put_string
 .text.stdio_init_all
                0x100011dc        0x4 CMakeFiles/4DOFArm.dir/C_/Users/Roberto_Carrillo/.pico-sdk/sdk/2.2.0/src/rp2_common/pico_stdio/stdio.c.obj
                0x100011dc                stdio_init_all
 .text.__wrap_putchar
                0x100011e0       0x84 CMakeFiles/4DOFArm.dir/C_/Users/Roberto_Carrillo/.pico-sdk/sdk/2.2.0/src/rp2_common/pico_stdio/stdio.c.obj
                0x100011e0                __wrap_putchar
                0x100011e0                stdio_putchar
 .text.__wrap_puts
                0x10001264       0x3c CMakeFiles/4DOFArm.dir/C_/Users/Roberto_Carrillo/.pico-sdk/sdk/2.2.0/src/rp2_common/pico_stdio/stdio.c.obj
                0x10001264                stdio_puts
                0x10001264                __wrap_puts
 .text.spi_init
                0x100012a0       0xf4 CMakeFiles/4DOFArm.dir/C_/Users/Roberto_Carrillo/.pico-sdk/sdk/2.2.0/src/rp2_common/hardware_spi/spi.c.obj
                0x100012a0                spi_init
 .text.i2c_set_baudrate
                0x10001394       0xa4 CMakeFiles/4DOFArm.dir/C_/Users/Roberto_Carrillo/.pico-sdk/sdk/2.2.0/src/rp2_common/hardware_i2c/i2c.c.obj
                0x10001394                i2c_set_baudrate
 .text.i2c_init
                0x10001438       0x4c CMakeFiles/4DOFArm.dir/C_/Users/Roberto_Carrillo/.pico-sdk/sdk/2.2.0/src/rp2_common/hardware_i2c/i2c.c.obj
                0x10001438                i2c_init
 .text          0x10001484       0xec C:/Users/ROBERT~1/PICO-S~1/TOOLCH~1/14_2_R~1/bin/../lib/gcc/arm-none-eabi/14.2.1/thumb/v8-m.main+fp/softfp\libg.a(libc_a-memcpy.o)
                0x10001484                memcpy
 .text.strlen   0x10001570       0x5c C:/Users/ROBERT~1/PICO-S~1/TOOLCH~1/14_2_R~1/bin/../lib/gcc/arm-none-eabi/14.2.1/thumb/v8-m.main+fp/softfp\libg.a(libc_a-strlen-stub.o)
                0x10001570                strlen
 *(.fini)
 .fini          0x100015cc        0x4 C:/Users/ROBERT~1/PICO-S~1/TOOLCH~1/14_2_R~1/bin/../lib/gcc/arm-none-eabi/14.2.1/thumb/v8-m.main+fp/softfp/crti.o
                0x100015cc                _fini
 .fini.__stub   0x100015d0       0x10 linker stubs
 *crtbegin.o(.ctors)
 *crtbegin?.o(.ctors)
 *(EXCLUDE_FILE(*crtend.o *crtend?.o) .ctors)
 *(SORT_BY_NAME(.ctors.*))
 *(.ctors)
 *crtbegin.o(.dtors)
 *crtbegin?.o(.dtors)
 *(EXCLUDE_FILE(*crtend.o *crtend?.o) .dtors)
 *(SORT_BY_NAME(.dtors.*))
 *(.dtors)
                0x100015e0                        . = ALIGN (0x4)
                0x100015e0                        PROVIDE (__preinit_array_start = .)
 *(SORT_BY_NAME(.preinit_array.*))
 .preinit_array.00050
                0x100015e0        0x4 CMakeFiles/4DOFArm.dir/C_/Users/Roberto_Carrillo/.pico-sdk/sdk/2.2.0/src/rp2_common/pico_runtime_init/runtime_init.c.obj
                0x100015e0                __pre_init_runtime_init_bootrom_reset
 .preinit_array.00100
                0x100015e4        0x4 CMakeFiles/4DOFArm.dir/C_/Users/Roberto_Carrillo/.pico-sdk/sdk/2.2.0/src/rp2_common/pico_runtime_init/runtime_init.c.obj
                0x100015e4                __pre_init_runtime_init_early_resets
 .preinit_array.00101
                0x100015e8        0x4 CMakeFiles/4DOFArm.dir/C_/Users/Roberto_Carrillo/.pico-sdk/sdk/2.2.0/src/rp2_common/pico_runtime_init/runtime_init.c.obj
                0x100015e8                __pre_init_runtime_init_usb_power_down
 .preinit_array.00500
                0x100015ec        0x4 CMakeFiles/4DOFArm.dir/C_/Users/Roberto_Carrillo/.pico-sdk/sdk/2.2.0/src/rp2_common/pico_runtime_init/runtime_init.c.obj
                0x100015ec                __pre_init_runtime_init_clocks
 .preinit_array.00600
                0x100015f0        0x4 CMakeFiles/4DOFArm.dir/C_/Users/Roberto_Carrillo/.pico-sdk/sdk/2.2.0/src/rp2_common/pico_runtime_init/runtime_init.c.obj
                0x100015f0                __pre_init_runtime_init_post_clock_resets
 .preinit_array.01000
                0x100015f4        0x4 CMakeFiles/4DOFArm.dir/C_/Users/Roberto_Carrillo/.pico-sdk/sdk/2.2.0/src/rp2_common/hardware_boot_lock/boot_lock.c.obj
                0x100015f4                __pre_init_runtime_init_boot_locks_reset
 .preinit_array.01000
                0x100015f8        0x4 CMakeFiles/4DOFArm.dir/C_/Users/Roberto_Carrillo/.pico-sdk/sdk/2.2.0/src/rp2_common/pico_runtime_init/runtime_init.c.obj
                0x100015f8                __pre_init_runtime_init_spin_locks_reset
 .preinit_array.01010
                0x100015fc        0x4 CMakeFiles/4DOFArm.dir/C_/Users/Roberto_Carrillo/.pico-sdk/sdk/2.2.0/src/rp2_common/pico_bootrom/bootrom_lock.c.obj
                0x100015fc                __pre_init_runtime_init_bootrom_locking_enable
 .preinit_array.01100
                0x10001600        0x4 CMakeFiles/4DOFArm.dir/C_/Users/Roberto_Carrillo/.pico-sdk/sdk/2.2.0/src/common/pico_sync/mutex.c.obj
                0x10001600                __pre_init_runtime_init_mutex
 .preinit_array.10080
                0x10001604        0x4 CMakeFiles/4DOFArm.dir/C_/Users/Roberto_Carrillo/.pico-sdk/sdk/2.2.0/src/rp2_common/pico_runtime_init/runtime_init.c.obj
                0x10001604                __pre_init_runtime_init_install_ram_vector_table
 .preinit_array.11000
                0x10001608        0x4 CMakeFiles/4DOFArm.dir/C_/Users/Roberto_Carrillo/.pico-sdk/sdk/2.2.0/src/common/pico_time/time.c.obj
                0x10001608                __pre_init_runtime_init_default_alarm_pool
 .preinit_array.YYYYY
                0x1000160c        0x4 CMakeFiles/4DOFArm.dir/C_/Users/Roberto_Carrillo/.pico-sdk/sdk/2.2.0/src/rp2_common/pico_runtime/runtime.c.obj
                0x1000160c                __pre_init_first_per_core_initializer
 .preinit_array.ZZZZZ.00051
                0x10001610        0x4 CMakeFiles/4DOFArm.dir/C_/Users/Roberto_Carrillo/.pico-sdk/sdk/2.2.0/src/rp2_common/pico_runtime_init/runtime_init.c.obj
                0x10001610                __pre_init_runtime_init_per_core_bootrom_reset
 .preinit_array.ZZZZZ.00200
                0x10001614        0x4 CMakeFiles/4DOFArm.dir/C_/Users/Roberto_Carrillo/.pico-sdk/sdk/2.2.0/src/rp2_common/pico_runtime_init/runtime_init.c.obj
                0x10001614                __pre_init_runtime_init_per_core_enable_coprocessors
 .preinit_array.ZZZZZ.01000
                0x10001618        0x4 CMakeFiles/4DOFArm.dir/C_/Users/Roberto_Carrillo/.pico-sdk/sdk/2.2.0/src/rp2_common/hardware_sync_spin_lock/sync_spin_lock.c.obj
                0x10001618                __pre_init_spinlock_set_extexclall
 .preinit_array.ZZZZZ.01200
                0x1000161c        0x4 CMakeFiles/4DOFArm.dir/C_/Users/Roberto_Carrillo/.pico-sdk/sdk/2.2.0/src/rp2_common/hardware_irq/irq.c.obj
                0x1000161c                __pre_init_runtime_init_per_core_irq_priorities
 *(.preinit_array)
                0x10001620                        PROVIDE (__preinit_array_end = .)
                0x10001620                        . = ALIGN (0x4)
                0x10001620                        PROVIDE (__init_array_start = .)
 *(SORT_BY_NAME(.init_array.*))
 *(.init_array)
 .init_array    0x10001620        0x4 C:/Users/ROBERT~1/PICO-S~1/TOOLCH~1/14_2_R~1/bin/../lib/gcc/arm-none-eabi/14.2.1/thumb/v8-m.main+fp/softfp/crtbegin.o
                0x10001624                        PROVIDE (__init_array_end = .)
                0x10001624                        . = ALIGN (0x4)
                [!provide]                        PROVIDE (__fini_array_start = .)
 *(SORT_BY_NAME(.fini_array.*))
 *(.fini_array)
                [!provide]                        PROVIDE (__fini_array_end = .)
 *(.eh_frame*)
 .eh_frame      0x10001624        0x0 C:/Users/ROBERT~1/PICO-S~1/TOOLCH~1/14_2_R~1/bin/../lib/gcc/arm-none-eabi/14.2.1/thumb/v8-m.main+fp/softfp/crtbegin.o
                0x10001624                        . = ALIGN (0x4)

.glue_7         0x10001624        0x0
 .glue_7        0x10001624        0x0 linker stubs

.glue_7t        0x10001624        0x0
 .glue_7t       0x10001624        0x0 linker stubs

.vfp11_veneer   0x10001624        0x0
 .vfp11_veneer  0x10001624        0x0 linker stubs

.v4_bx          0x10001624        0x0
 .v4_bx         0x10001624        0x0 linker stubs

.iplt           0x10001624        0x0
 .iplt          0x10001624        0x0 C:/Users/ROBERT~1/PICO-S~1/TOOLCH~1/14_2_R~1/bin/../lib/gcc/arm-none-eabi/14.2.1/thumb/v8-m.main+fp/softfp/crtbegin.o

.boot2          0x10001624        0x0
                0x10001624                        __boot2_start__ = .
 *(.boot2)
                0x10001624                        __boot2_end__ = .
                0x00000001                        ASSERT (((__boot2_end__ - __boot2_start__) <= 0x100), ERROR: Pico second stage bootloader must be no more than 256 bytes in size)

.rodata         0x10001624       0xe8
 *(EXCLUDE_FILE(*libm.a: *libc.a:*lib_a-mem*.o *libgcc.a:) .rodata*)
 .rodata.panic.str1.4
                0x10001624       0x84 CMakeFiles/4DOFArm.dir/C_/Users/Roberto_Carrillo/.pico-sdk/sdk/2.2.0/src/rp2_common/pico_platform_panic/panic.c.obj
                                 0x12 (size before relaxing)
 .rodata.timer_hardware_alarm_claim.str1.4
                0x100016a8       0x22 CMakeFiles/4DOFArm.dir/C_/Users/Roberto_Carrillo/.pico-sdk/sdk/2.2.0/src/rp2_common/hardware_timer/timer.c.obj
 .rodata.hard_assertion_failure.str1.4
                0x100016a8        0xc CMakeFiles/4DOFArm.dir/C_/Users/Roberto_Carrillo/.pico-sdk/sdk/2.2.0/src/rp2_common/pico_runtime/runtime.c.obj
 .rodata.str1.4
                0x100016a8       0x40 CMakeFiles/4DOFArm.dir/C_/Users/Roberto_Carrillo/.pico-sdk/sdk/2.2.0/src/rp2_common/pico_standard_binary_info/standard_binary_info.c.obj
 .rodata.__bi_84
                0x100016a8        0xc CMakeFiles/4DOFArm.dir/C_/Users/Roberto_Carrillo/.pico-sdk/sdk/2.2.0/src/rp2_common/pico_standard_binary_info/standard_binary_info.c.obj
 .rodata.__bi_78
                0x100016b4        0xc CMakeFiles/4DOFArm.dir/C_/Users/Roberto_Carrillo/.pico-sdk/sdk/2.2.0/src/rp2_common/pico_standard_binary_info/standard_binary_info.c.obj
 .rodata.__bi_60
                0x100016c0        0xc CMakeFiles/4DOFArm.dir/C_/Users/Roberto_Carrillo/.pico-sdk/sdk/2.2.0/src/rp2_common/pico_standard_binary_info/standard_binary_info.c.obj
 .rodata.__bi_54
                0x100016cc        0xc CMakeFiles/4DOFArm.dir/C_/Users/Roberto_Carrillo/.pico-sdk/sdk/2.2.0/src/rp2_common/pico_standard_binary_info/standard_binary_info.c.obj
 .rodata.__bi_48
                0x100016d8        0xc CMakeFiles/4DOFArm.dir/C_/Users/Roberto_Carrillo/.pico-sdk/sdk/2.2.0/src/rp2_common/pico_standard_binary_info/standard_binary_info.c.obj
 .rodata.__bi_42
                0x100016e4        0xc CMakeFiles/4DOFArm.dir/C_/Users/Roberto_Carrillo/.pico-sdk/sdk/2.2.0/src/rp2_common/pico_standard_binary_info/standard_binary_info.c.obj
 .rodata.__bi_34
                0x100016f0        0xc CMakeFiles/4DOFArm.dir/C_/Users/Roberto_Carrillo/.pico-sdk/sdk/2.2.0/src/rp2_common/pico_standard_binary_info/standard_binary_info.c.obj
 .rodata.__bi_26
                0x100016fc        0xc CMakeFiles/4DOFArm.dir/C_/Users/Roberto_Carrillo/.pico-sdk/sdk/2.2.0/src/rp2_common/pico_standard_binary_info/standard_binary_info.c.obj
 .rodata.crlf_str.0
                0x10001708        0x2 CMakeFiles/4DOFArm.dir/C_/Users/Roberto_Carrillo/.pico-sdk/sdk/2.2.0/src/rp2_common/pico_stdio/stdio.c.obj
 *(.srodata*)
                0x1000170c                        . = ALIGN (0x4)
 *fill*         0x1000170a        0x2 
 *(SORT_BY_ALIGNMENT(SORT_BY_NAME(.flashdata*)))
                0x1000170c                        . = ALIGN (0x4)

.ARM.extab
 *(.ARM.extab* .gnu.linkonce.armextab.*)
                0x1000170c                        __exidx_start = .

.ARM.exidx      0x1000170c        0x8
 *(.ARM.exidx* .gnu.linkonce.armexidx.*)
 .ARM.exidx     0x1000170c        0x8 C:/Users/ROBERT~1/PICO-S~1/TOOLCH~1/14_2_R~1/bin/../lib/gcc/arm-none-eabi/14.2.1/thumb/v8-m.main+fp/softfp\libg.a(libc_a-memcpy.o)
                0x10001714                        __exidx_end = .
                0x10001714                        . = ALIGN (0x4)
                0x10001714                        __binary_info_start = .

.binary_info    0x10001714       0x20
 *(.binary_info.keep.*)
 .binary_info.keep.__bi_ptr84
                0x10001714        0x4 CMakeFiles/4DOFArm.dir/C_/Users/Roberto_Carrillo/.pico-sdk/sdk/2.2.0/src/rp2_common/pico_standard_binary_info/standard_binary_info.c.obj
 .binary_info.keep.__bi_ptr78
                0x10001718        0x4 CMakeFiles/4DOFArm.dir/C_/Users/Roberto_Carrillo/.pico-sdk/sdk/2.2.0/src/rp2_common/pico_standard_binary_info/standard_binary_info.c.obj
 .binary_info.keep.__bi_ptr60
                0x1000171c        0x4 CMakeFiles/4DOFArm.dir/C_/Users/Roberto_Carrillo/.pico-sdk/sdk/2.2.0/src/rp2_common/pico_standard_binary_info/standard_binary_info.c.obj
 .binary_info.keep.__bi_ptr54
                0x10001720        0x4 CMakeFiles/4DOFArm.dir/C_/Users/Roberto_Carrillo/.pico-sdk/sdk/2.2.0/src/rp2_common/pico_standard_binary_info/standard_binary_info.c.obj
 .binary_info.keep.__bi_ptr48
                0x10001724        0x4 CMakeFiles/4DOFArm.dir/C_/Users/Roberto_Carrillo/.pico-sdk/sdk/2.2.0/src/rp2_common/pico_standard_binary_info/standard_binary_info.c.obj
 .binary_info.keep.__bi_ptr42
                0x10001728        0x4 CMakeFiles/4DOFArm.dir/C_/Users/Roberto_Carrillo/.pico-sdk/sdk/2.2.0/src/rp2_common/pico_standard_binary_info/standard_binary_info.c.obj
 .binary_info.keep.__bi_ptr34
                0x1000172c        0x4 CMakeFiles/4DOFArm.dir/C_/Users/Roberto_Carrillo/.pico-sdk/sdk/2.2.0/src/rp2_common/pico_standard_binary_info/standard_binary_info.c.obj
 .binary_info.keep.__bi_ptr26
                0x10001730        0x4 CMakeFiles/4DOFArm.dir/C_/Users/Roberto_Carrillo/.pico-sdk/sdk/2.2.0/src/rp2_common/pico_standard_binary_info/standard_binary_info.c.obj
 *(.binary_info.*)
                0x10001734                        __binary_info_end = .
                0x10001734                        . = ALIGN (0x4)

.ram_vector_table
                0x20000000      0x110
 *(.ram_vector_table)
 .ram_vector_table
                0x20000000      0x110 CMakeFiles/4DOFArm.dir/C_/Users/Roberto_Carrillo/.pico-sdk/sdk/2.2.0/src/rp2_common/pico_runtime_init/runtime_init.c.obj
                0x20000000                ram_vector_table

.uninitialized_data
                0x20000110        0x0
                0x20000110                        . = ALIGN (0x4)
 *(.uninitialized_data*)

.data           0x20000110      0x144 load address 0x10001734
                0x20000110                        __data_start__ = .
 *(vtable)
 *(.time_critical*)
 .time_critical.mutex_enter_block_until
                0x20000110       0x6c CMakeFiles/4DOFArm.dir/C_/Users/Roberto_Carrillo/.pico-sdk/sdk/2.2.0/src/common/pico_sync/mutex.c.obj
                0x20000110                mutex_enter_block_until
 .time_critical.mutex_try_enter_block_until
                0x2000017c       0x68 CMakeFiles/4DOFArm.dir/C_/Users/Roberto_Carrillo/.pico-sdk/sdk/2.2.0/src/common/pico_sync/mutex.c.obj
                0x2000017c                mutex_try_enter_block_until
 .time_critical.mutex_exit
                0x200001e4       0x3c CMakeFiles/4DOFArm.dir/C_/Users/Roberto_Carrillo/.pico-sdk/sdk/2.2.0/src/common/pico_sync/mutex.c.obj
                0x200001e4                mutex_exit
 .time_critical.mutex_exit.__stub
                0x20000220        0x8 linker stubs
 *(.text*)
                0x20000228                        . = ALIGN (0x4)
 *(.rodata*)
                0x20000228                        . = ALIGN (0x4)
 *(.data*)
 .data.striped_spin_lock_num
                0x20000228        0x1 CMakeFiles/4DOFArm.dir/C_/Users/Roberto_Carrillo/.pico-sdk/sdk/2.2.0/src/rp2_common/hardware_sync/sync.c.obj
 *fill*         0x20000229        0x3 
 .data.default_alarm_pool
                0x2000022c       0x18 CMakeFiles/4DOFArm.dir/C_/Users/Roberto_Carrillo/.pico-sdk/sdk/2.2.0/src/common/pico_time/time.c.obj
 .data.i2c0_inst
                0x20000244        0x8 CMakeFiles/4DOFArm.dir/C_/Users/Roberto_Carrillo/.pico-sdk/sdk/2.2.0/src/rp2_common/hardware_i2c/i2c.c.obj
                0x20000244                i2c0_inst
 *(.sdata*)
                0x2000024c                        . = ALIGN (0x4)
 *(.after_data.*)
                0x2000024c                        . = ALIGN (0x4)
                0x2000024c                        PROVIDE (__mutex_array_start = .)
 *(SORT_BY_NAME(.mutex_array.*))
 *(.mutex_array)
 .mutex_array   0x2000024c        0x8 CMakeFiles/4DOFArm.dir/C_/Users/Roberto_Carrillo/.pico-sdk/sdk/2.2.0/src/rp2_common/pico_stdio/stdio.c.obj
                0x20000254                        PROVIDE (__mutex_array_end = .)
 *(.jcr)
                0x20000254                        . = ALIGN (0x4)

.tm_clone_table
                0x20000254        0x0 load address 0x10001878
 .tm_clone_table
                0x20000254        0x0 C:/Users/ROBERT~1/PICO-S~1/TOOLCH~1/14_2_R~1/bin/../lib/gcc/arm-none-eabi/14.2.1/thumb/v8-m.main+fp/softfp/crtbegin.o
 .tm_clone_table
                0x20000254        0x0 C:/Users/ROBERT~1/PICO-S~1/TOOLCH~1/14_2_R~1/bin/../lib/gcc/arm-none-eabi/14.2.1/thumb/v8-m.main+fp/softfp/crtend.o

.igot.plt       0x20000254        0x0 load address 0x10001878
 .igot.plt      0x20000254        0x0 C:/Users/ROBERT~1/PICO-S~1/TOOLCH~1/14_2_R~1/bin/../lib/gcc/arm-none-eabi/14.2.1/thumb/v8-m.main+fp/softfp/crtbegin.o

.tdata          0x20000254        0x0 load address 0x10001878
                0x20000254                        . = ALIGN (0x4)
 *(.tdata .tdata.* .gnu.linkonce.td.*)
                0x20000254                        __tdata_end = .
                0x20000254                        PROVIDE (__data_end__ = .)
                0x10001734                        __etext = LOADADDR (.data)

.tbss           0x20000254        0x0 load address 0x10001878
                0x20000254                        . = ALIGN (0x4)
                0x20000254                        __bss_start__ = .
                0x20000254                        __tls_base = .
 *(.tbss .tbss.* .gnu.linkonce.tb.*)
 *(.tcommon)
                0x20000254                        __tls_end = .

.bss            0x20000258      0x214 load address 0x10001878
                0x20000258                        . = ALIGN (0x4)
                0x20000258                        __tbss_end = .
 *(SORT_BY_ALIGNMENT(SORT_BY_NAME(.bss*)))
 .bss.default_alarm_pool_entries
                0x20000258      0x180 CMakeFiles/4DOFArm.dir/C_/Users/Roberto_Carrillo/.pico-sdk/sdk/2.2.0/src/common/pico_time/time.c.obj
 .bss._sw_spin_locks
                0x200003d8       0x20 CMakeFiles/4DOFArm.dir/C_/Users/Roberto_Carrillo/.pico-sdk/sdk/2.2.0/src/rp2_common/hardware_sync_spin_lock/sync_spin_lock.c.obj
                0x200003d8                _sw_spin_locks
 .bss.claimed   0x200003f8        0x2 CMakeFiles/4DOFArm.dir/C_/Users/Roberto_Carrillo/.pico-sdk/sdk/2.2.0/src/rp2_common/hardware_timer/timer.c.obj
 *fill*         0x200003fa        0x2 
 .bss.configured_freq
                0x200003fc       0x28 CMakeFiles/4DOFArm.dir/C_/Users/Roberto_Carrillo/.pico-sdk/sdk/2.2.0/src/rp2_common/hardware_clocks/clocks.c.obj
 .bss.drivers   0x20000424        0x4 CMakeFiles/4DOFArm.dir/C_/Users/Roberto_Carrillo/.pico-sdk/sdk/2.2.0/src/rp2_common/pico_stdio/stdio.c.obj
 .bss.filter    0x20000428        0x4 CMakeFiles/4DOFArm.dir/C_/Users/Roberto_Carrillo/.pico-sdk/sdk/2.2.0/src/rp2_common/pico_stdio/stdio.c.obj
 .bss.lazy_vsnprintf
                0x2000042c        0x4 CMakeFiles/4DOFArm.dir/C_/Users/Roberto_Carrillo/.pico-sdk/sdk/2.2.0/src/rp2_common/pico_printf/printf.c.obj
 .bss.object.0  0x20000430       0x18 C:/Users/ROBERT~1/PICO-S~1/TOOLCH~1/14_2_R~1/bin/../lib/gcc/arm-none-eabi/14.2.1/thumb/v8-m.main+fp/softfp/crtbegin.o
 .bss.pools     0x20000448       0x20 CMakeFiles/4DOFArm.dir/C_/Users/Roberto_Carrillo/.pico-sdk/sdk/2.2.0/src/common/pico_time/time.c.obj
 .bss.sleep_notifier
                0x20000468        0x4 CMakeFiles/4DOFArm.dir/C_/Users/Roberto_Carrillo/.pico-sdk/sdk/2.2.0/src/common/pico_time/time.c.obj
 *(COMMON)
                [!provide]                        PROVIDE (__global_pointer$ = (. + 0x800))
 *(.sbss*)
                0x2000046c                        . = ALIGN (0x4)
                0x2000046c                        __bss_end__ = .

.heap           0x2000046c      0x800 load address 0x10001878
                0x2000046c                        __end__ = .
                0x2000046c                        end = __end__
 *(.heap*)
 .heap          0x2000046c      0x800 CMakeFiles/4DOFArm.dir/C_/Users/Roberto_Carrillo/.pico-sdk/sdk/2.2.0/src/rp2_common/pico_crt0/crt0.S.obj
                0x20080000                        __HeapLimit = (ORIGIN (RAM) + LENGTH (RAM))

.scratch_x      0x20080000        0x0 load address 0x10001878
                0x20080000                        __scratch_x_start__ = .
 *(.scratch_x.*)
                0x20080000                        . = ALIGN (0x4)
                0x20080000                        __scratch_x_end__ = .
                0x10001878                        __scratch_x_source__ = LOADADDR (.scratch_x)

.scratch_y      0x20081000        0x0 load address 0x10001878
                0x20081000                        __scratch_y_start__ = .
 *(.scratch_y.*)
                0x20081000                        . = ALIGN (0x4)
                0x20081000                        __scratch_y_end__ = .
                0x10001878                        __scratch_y_source__ = LOADADDR (.scratch_y)

.stack1_dummy
 *(.stack1*)

.stack_dummy    0x20081000      0x800
 *(.stack*)
 .stack         0x20081000      0x800 CMakeFiles/4DOFArm.dir/C_/Users/Roberto_Carrillo/.pico-sdk/sdk/2.2.0/src/rp2_common/pico_crt0/crt0.S.obj

.flash_end      0x10001878       0x14
 *(.embedded_end_block*)
 .embedded_end_block
                0x10001878       0x14 CMakeFiles/4DOFArm.dir/C_/Users/Roberto_Carrillo/.pico-sdk/sdk/2.2.0/src/rp2_common/pico_crt0/crt0.S.obj
                0x1000188c                        PROVIDE (__flash_binary_end = .)
                0x20080000                        __StackLimit = (ORIGIN (RAM) + LENGTH (RAM))
                0x20081000                        __StackOneTop = (ORIGIN (SCRATCH_X) + LENGTH (SCRATCH_X))
                0x20082000                        __StackTop = (ORIGIN (SCRATCH_Y) + LENGTH (SCRATCH_Y))
                0x20081000                        __StackOneBottom = (__StackOneTop - SIZEOF (.stack1_dummy))
                0x20081800                        __StackBottom = (__StackTop - SIZEOF (.stack_dummy))
                0x20082000                        PROVIDE (__stack = __StackTop)
                [!provide]                        PROVIDE (__heap_start = __end__)
                [!provide]                        PROVIDE (__heap_end = __HeapLimit)
                [!provide]                        PROVIDE (__tls_align = MAX (ALIGNOF (.tdata), ALIGNOF (.tbss)))
                [!provide]                        PROVIDE (__tls_size_align = (((__tls_size + __tls_align) - 0x1) & ~ ((__tls_align - 0x1))))
                [!provide]                        PROVIDE (__arm32_tls_tcb_offset = MAX (0x8, __tls_align))
                [!provide]                        PROVIDE (_end = __end__)
                [!provide]                        PROVIDE (__llvm_libc_heap_limit = __HeapLimit)
                0x00000001                        ASSERT ((__StackLimit >= __HeapLimit), region RAM overflowed)
                0x00000001                        ASSERT (((__binary_info_header_end - __logical_binary_start) <= 0x400), Binary info must be in first 1024 bytes of the binary)
                0x00000001                        ASSERT (((__embedded_block_end - __logical_binary_start) <= 0x1000), Embedded block must be in first 4096 bytes of the binary)
LOAD CMakeFiles/4DOFArm.dir/4DOFArm.cpp.obj
LOAD CMakeFiles/4DOFArm.dir/stepper-module/stepper-module.cpp.obj
LOAD CMakeFiles/4DOFArm.dir/C_/Users/Roberto_Carrillo/.pico-sdk/sdk/2.2.0/src/rp2_common/pico_stdlib/stdlib.c.obj
LOAD CMakeFiles/4DOFArm.dir/C_/Users/Roberto_Carrillo/.pico-sdk/sdk/2.2.0/src/rp2_common/hardware_gpio/gpio.c.obj
LOAD CMakeFiles/4DOFArm.dir/C_/Users/Roberto_Carrillo/.pico-sdk/sdk/2.2.0/src/rp2350/pico_platform/platform.c.obj
LOAD CMakeFiles/4DOFArm.dir/C_/Users/Roberto_Carrillo/.pico-sdk/sdk/2.2.0/src/rp2_common/pico_platform_common/common.c.obj
LOAD CMakeFiles/4DOFArm.dir/C_/Users/Roberto_Carrillo/.pico-sdk/sdk/2.2.0/src/rp2_common/pico_platform_panic/panic.c.obj
LOAD CMakeFiles/4DOFArm.dir/C_/Users/Roberto_Carrillo/.pico-sdk/sdk/2.2.0/src/common/hardware_claim/claim.c.obj
LOAD CMakeFiles/4DOFArm.dir/C_/Users/Roberto_Carrillo/.pico-sdk/sdk/2.2.0/src/rp2_common/hardware_sync/sync.c.obj
LOAD CMakeFiles/4DOFArm.dir/C_/Users/Roberto_Carrillo/.pico-sdk/sdk/2.2.0/src/rp2_common/hardware_sync_spin_lock/sync_spin_lock.c.obj
LOAD CMakeFiles/4DOFArm.dir/C_/Users/Roberto_Carrillo/.pico-sdk/sdk/2.2.0/src/rp2_common/hardware_irq/irq.c.obj
LOAD CMakeFiles/4DOFArm.dir/C_/Users/Roberto_Carrillo/.pico-sdk/sdk/2.2.0/src/rp2_common/hardware_irq/irq_handler_chain.S.obj
LOAD CMakeFiles/4DOFArm.dir/C_/Users/Roberto_Carrillo/.pico-sdk/sdk/2.2.0/src/common/pico_sync/sem.c.obj
LOAD CMakeFiles/4DOFArm.dir/C_/Users/Roberto_Carrillo/.pico-sdk/sdk/2.2.0/src/common/pico_sync/lock_core.c.obj
LOAD CMakeFiles/4DOFArm.dir/C_/Users/Roberto_Carrillo/.pico-sdk/sdk/2.2.0/src/common/pico_sync/mutex.c.obj
LOAD CMakeFiles/4DOFArm.dir/C_/Users/Roberto_Carrillo/.pico-sdk/sdk/2.2.0/src/common/pico_sync/critical_section.c.obj
LOAD CMakeFiles/4DOFArm.dir/C_/Users/Roberto_Carrillo/.pico-sdk/sdk/2.2.0/src/common/pico_time/time.c.obj
LOAD CMakeFiles/4DOFArm.dir/C_/Users/Roberto_Carrillo/.pico-sdk/sdk/2.2.0/src/common/pico_time/timeout_helper.c.obj
LOAD CMakeFiles/4DOFArm.dir/C_/Users/Roberto_Carrillo/.pico-sdk/sdk/2.2.0/src/rp2_common/hardware_timer/timer.c.obj
LOAD CMakeFiles/4DOFArm.dir/C_/Users/Roberto_Carrillo/.pico-sdk/sdk/2.2.0/src/common/pico_util/datetime.c.obj
LOAD CMakeFiles/4DOFArm.dir/C_/Users/Roberto_Carrillo/.pico-sdk/sdk/2.2.0/src/common/pico_util/pheap.c.obj
LOAD CMakeFiles/4DOFArm.dir/C_/Users/Roberto_Carrillo/.pico-sdk/sdk/2.2.0/src/common/pico_util/queue.c.obj
LOAD CMakeFiles/4DOFArm.dir/C_/Users/Roberto_Carrillo/.pico-sdk/sdk/2.2.0/src/rp2_common/hardware_uart/uart.c.obj
LOAD CMakeFiles/4DOFArm.dir/C_/Users/Roberto_Carrillo/.pico-sdk/sdk/2.2.0/src/rp2_common/hardware_clocks/clocks.c.obj
LOAD CMakeFiles/4DOFArm.dir/C_/Users/Roberto_Carrillo/.pico-sdk/sdk/2.2.0/src/rp2_common/hardware_pll/pll.c.obj
LOAD CMakeFiles/4DOFArm.dir/C_/Users/Roberto_Carrillo/.pico-sdk/sdk/2.2.0/src/rp2_common/hardware_vreg/vreg.c.obj
LOAD CMakeFiles/4DOFArm.dir/C_/Users/Roberto_Carrillo/.pico-sdk/sdk/2.2.0/src/rp2_common/hardware_watchdog/watchdog.c.obj
LOAD CMakeFiles/4DOFArm.dir/C_/Users/Roberto_Carrillo/.pico-sdk/sdk/2.2.0/src/rp2_common/hardware_ticks/ticks.c.obj
LOAD CMakeFiles/4DOFArm.dir/C_/Users/Roberto_Carrillo/.pico-sdk/sdk/2.2.0/src/rp2_common/pico_bootrom/bootrom.c.obj
LOAD CMakeFiles/4DOFArm.dir/C_/Users/Roberto_Carrillo/.pico-sdk/sdk/2.2.0/src/rp2_common/pico_bootrom/bootrom_lock.c.obj
LOAD CMakeFiles/4DOFArm.dir/C_/Users/Roberto_Carrillo/.pico-sdk/sdk/2.2.0/src/rp2_common/hardware_boot_lock/boot_lock.c.obj
LOAD CMakeFiles/4DOFArm.dir/C_/Users/Roberto_Carrillo/.pico-sdk/sdk/2.2.0/src/rp2_common/pico_flash/flash.c.obj
LOAD CMakeFiles/4DOFArm.dir/C_/Users/Roberto_Carrillo/.pico-sdk/sdk/2.2.0/src/rp2_common/hardware_xosc/xosc.c.obj
LOAD CMakeFiles/4DOFArm.dir/C_/Users/Roberto_Carrillo/.pico-sdk/sdk/2.2.0/src/rp2_common/hardware_divider/divider.c.obj
LOAD CMakeFiles/4DOFArm.dir/C_/Users/Roberto_Carrillo/.pico-sdk/sdk/2.2.0/src/rp2_common/pico_runtime/runtime.c.obj
LOAD CMakeFiles/4DOFArm.dir/C_/Users/Roberto_Carrillo/.pico-sdk/sdk/2.2.0/src/rp2_common/pico_runtime_init/runtime_init.c.obj
LOAD CMakeFiles/4DOFArm.dir/C_/Users/Roberto_Carrillo/.pico-sdk/sdk/2.2.0/src/rp2_common/pico_runtime_init/runtime_init_clocks.c.obj
LOAD CMakeFiles/4DOFArm.dir/C_/Users/Roberto_Carrillo/.pico-sdk/sdk/2.2.0/src/rp2_common/pico_runtime_init/runtime_init_stack_guard.c.obj
LOAD CMakeFiles/4DOFArm.dir/C_/Users/Roberto_Carrillo/.pico-sdk/sdk/2.2.0/src/rp2_common/pico_bit_ops/bit_ops_aeabi.S.obj
LOAD CMakeFiles/4DOFArm.dir/C_/Users/Roberto_Carrillo/.pico-sdk/sdk/2.2.0/src/rp2_common/pico_divider/divider_compiler.c.obj
LOAD CMakeFiles/4DOFArm.dir/C_/Users/Roberto_Carrillo/.pico-sdk/sdk/2.2.0/src/rp2_common/pico_double/double_math.c.obj
LOAD CMakeFiles/4DOFArm.dir/C_/Users/Roberto_Carrillo/.pico-sdk/sdk/2.2.0/src/rp2_common/pico_double/double_aeabi_dcp.S.obj
LOAD CMakeFiles/4DOFArm.dir/C_/Users/Roberto_Carrillo/.pico-sdk/sdk/2.2.0/src/rp2_common/pico_double/double_fma_dcp.S.obj
LOAD CMakeFiles/4DOFArm.dir/C_/Users/Roberto_Carrillo/.pico-sdk/sdk/2.2.0/src/rp2_common/pico_double/double_sci_m33.S.obj
LOAD CMakeFiles/4DOFArm.dir/C_/Users/Roberto_Carrillo/.pico-sdk/sdk/2.2.0/src/rp2_common/pico_double/double_conv_m33.S.obj
LOAD CMakeFiles/4DOFArm.dir/C_/Users/Roberto_Carrillo/.pico-sdk/sdk/2.2.0/src/rp2_common/pico_float/float_math.c.obj
LOAD CMakeFiles/4DOFArm.dir/C_/Users/Roberto_Carrillo/.pico-sdk/sdk/2.2.0/src/rp2_common/pico_float/float_conv32_vfp.S.obj
LOAD CMakeFiles/4DOFArm.dir/C_/Users/Roberto_Carrillo/.pico-sdk/sdk/2.2.0/src/rp2_common/pico_float/float_common_m33.S.obj
LOAD CMakeFiles/4DOFArm.dir/C_/Users/Roberto_Carrillo/.pico-sdk/sdk/2.2.0/src/rp2_common/pico_float/float_sci_m33_vfp.S.obj
LOAD CMakeFiles/4DOFArm.dir/C_/Users/Roberto_Carrillo/.pico-sdk/sdk/2.2.0/src/rp2_common/pico_malloc/malloc.c.obj
LOAD CMakeFiles/4DOFArm.dir/C_/Users/Roberto_Carrillo/.pico-sdk/sdk/2.2.0/src/rp2_common/pico_atomic/atomic.c.obj
LOAD CMakeFiles/4DOFArm.dir/C_/Users/Roberto_Carrillo/.pico-sdk/sdk/2.2.0/src/rp2_common/pico_cxx_options/new_delete.cpp.obj
LOAD CMakeFiles/4DOFArm.dir/C_/Users/Roberto_Carrillo/.pico-sdk/sdk/2.2.0/src/rp2_common/pico_standard_binary_info/standard_binary_info.c.obj
LOAD CMakeFiles/4DOFArm.dir/C_/Users/Roberto_Carrillo/.pico-sdk/sdk/2.2.0/src/rp2_common/pico_printf/printf.c.obj
LOAD CMakeFiles/4DOFArm.dir/C_/Users/Roberto_Carrillo/.pico-sdk/sdk/2.2.0/src/rp2_common/pico_crt0/crt0.S.obj
LOAD CMakeFiles/4DOFArm.dir/C_/Users/Roberto_Carrillo/.pico-sdk/sdk/2.2.0/src/rp2_common/pico_clib_interface/newlib_interface.c.obj
LOAD CMakeFiles/4DOFArm.dir/C_/Users/Roberto_Carrillo/.pico-sdk/sdk/2.2.0/src/rp2_common/pico_stdio/stdio.c.obj
LOAD CMakeFiles/4DOFArm.dir/C_/Users/Roberto_Carrillo/.pico-sdk/sdk/2.2.0/src/rp2_common/hardware_spi/spi.c.obj
LOAD CMakeFiles/4DOFArm.dir/C_/Users/Roberto_Carrillo/.pico-sdk/sdk/2.2.0/src/rp2_common/hardware_i2c/i2c.c.obj
LOAD CMakeFiles/4DOFArm.dir/C_/Users/Roberto_Carrillo/.pico-sdk/sdk/2.2.0/src/rp2_common/hardware_pio/pio.c.obj
LOAD pico-sdk\src\rp2350\boot_stage2\CMakeFiles\bs2_default_library.dir\bs2_default_padded_checksummed.S.obj
LOAD C:/Users/ROBERT~1/PICO-S~1/TOOLCH~1/14_2_R~1/bin/../lib/gcc/arm-none-eabi/14.2.1/thumb/v8-m.main+fp/softfp\libstdc++.a
LOAD C:/Users/ROBERT~1/PICO-S~1/TOOLCH~1/14_2_R~1/bin/../lib/gcc/arm-none-eabi/14.2.1/thumb/v8-m.main+fp/softfp\libm.a
START GROUP
LOAD C:/Users/ROBERT~1/PICO-S~1/TOOLCH~1/14_2_R~1/bin/../lib/gcc/arm-none-eabi/14.2.1/thumb/v8-m.main+fp/softfp\libgcc.a
LOAD C:/Users/ROBERT~1/PICO-S~1/TOOLCH~1/14_2_R~1/bin/../lib/gcc/arm-none-eabi/14.2.1/thumb/v8-m.main+fp/softfp\libg.a
LOAD C:/Users/ROBERT~1/PICO-S~1/TOOLCH~1/14_2_R~1/bin/../lib/gcc/arm-none-eabi/14.2.1/thumb/v8-m.main+fp/softfp\libc.a
END GROUP
START GROUP
LOAD C:/Users/ROBERT~1/PICO-S~1/TOOLCH~1/14_2_R~1/bin/../lib/gcc/arm-none-eabi/14.2.1/thumb/v8-m.main+fp/softfp\libgcc.a
LOAD C:/Users/ROBERT~1/PICO-S~1/TOOLCH~1/14_2_R~1/bin/../lib/gcc/arm-none-eabi/14.2.1/thumb/v8-m.main+fp/softfp\libc.a
LOAD C:/Users/ROBERT~1/PICO-S~1/TOOLCH~1/14_2_R~1/bin/../lib/gcc/arm-none-eabi/14.2.1/thumb/v8-m.main+fp/softfp\libnosys.a
END GROUP
LOAD C:/Users/ROBERT~1/PICO-S~1/TOOLCH~1/14_2_R~1/bin/../lib/gcc/arm-none-eabi/14.2.1/thumb/v8-m.main+fp/softfp/crtend.o
LOAD C:/Users/ROBERT~1/PICO-S~1/TOOLCH~1/14_2_R~1/bin/../lib/gcc/arm-none-eabi/14.2.1/thumb/v8-m.main+fp/softfp/crtn.o
OUTPUT(4DOFArm.elf elf32-littlearm)
LOAD linker stubs

.rel.dyn        0x1000188c        0x0
 .rel.iplt      0x1000188c        0x0 C:/Users/ROBERT~1/PICO-S~1/TOOLCH~1/14_2_R~1/bin/../lib/gcc/arm-none-eabi/14.2.1/thumb/v8-m.main+fp/softfp/crtbegin.o

.ARM.attributes
                0x00000000       0x34
 .ARM.attributes
                0x00000000       0x26 C:/Users/ROBERT~1/PICO-S~1/TOOLCH~1/14_2_R~1/bin/../lib/gcc/arm-none-eabi/14.2.1/thumb/v8-m.main+fp/softfp/crti.o
 .ARM.attributes
                0x00000026       0x36 C:/Users/ROBERT~1/PICO-S~1/TOOLCH~1/14_2_R~1/bin/../lib/gcc/arm-none-eabi/14.2.1/thumb/v8-m.main+fp/softfp/crtbegin.o
 .ARM.attributes
                0x0000005c       0x38 CMakeFiles/4DOFArm.dir/4DOFArm.cpp.obj
 .ARM.attributes
                0x00000094       0x38 CMakeFiles/4DOFArm.dir/C_/Users/Roberto_Carrillo/.pico-sdk/sdk/2.2.0/src/rp2_common/hardware_gpio/gpio.c.obj
 .ARM.attributes
                0x000000cc       0x38 CMakeFiles/4DOFArm.dir/C_/Users/Roberto_Carrillo/.pico-sdk/sdk/2.2.0/src/rp2_common/pico_platform_panic/panic.c.obj
 .ARM.attributes
                0x00000104       0x38 CMakeFiles/4DOFArm.dir/C_/Users/Roberto_Carrillo/.pico-sdk/sdk/2.2.0/src/common/hardware_claim/claim.c.obj
 .ARM.attributes
                0x0000013c       0x38 CMakeFiles/4DOFArm.dir/C_/Users/Roberto_Carrillo/.pico-sdk/sdk/2.2.0/src/rp2_common/hardware_sync/sync.c.obj
 .ARM.attributes
                0x00000174       0x38 CMakeFiles/4DOFArm.dir/C_/Users/Roberto_Carrillo/.pico-sdk/sdk/2.2.0/src/rp2_common/hardware_sync_spin_lock/sync_spin_lock.c.obj
 .ARM.attributes
                0x000001ac       0x38 CMakeFiles/4DOFArm.dir/C_/Users/Roberto_Carrillo/.pico-sdk/sdk/2.2.0/src/rp2_common/hardware_irq/irq.c.obj
 .ARM.attributes
                0x000001e4       0x38 CMakeFiles/4DOFArm.dir/C_/Users/Roberto_Carrillo/.pico-sdk/sdk/2.2.0/src/common/pico_sync/lock_core.c.obj
 .ARM.attributes
                0x0000021c       0x38 CMakeFiles/4DOFArm.dir/C_/Users/Roberto_Carrillo/.pico-sdk/sdk/2.2.0/src/common/pico_sync/mutex.c.obj
 .ARM.attributes
                0x00000254       0x38 CMakeFiles/4DOFArm.dir/C_/Users/Roberto_Carrillo/.pico-sdk/sdk/2.2.0/src/common/pico_time/time.c.obj
 .ARM.attributes
                0x0000028c       0x38 CMakeFiles/4DOFArm.dir/C_/Users/Roberto_Carrillo/.pico-sdk/sdk/2.2.0/src/rp2_common/hardware_timer/timer.c.obj
 .ARM.attributes
                0x000002c4       0x38 CMakeFiles/4DOFArm.dir/C_/Users/Roberto_Carrillo/.pico-sdk/sdk/2.2.0/src/rp2_common/hardware_clocks/clocks.c.obj
 .ARM.attributes
                0x000002fc       0x38 CMakeFiles/4DOFArm.dir/C_/Users/Roberto_Carrillo/.pico-sdk/sdk/2.2.0/src/rp2_common/hardware_pll/pll.c.obj
 .ARM.attributes
                0x00000334       0x38 CMakeFiles/4DOFArm.dir/C_/Users/Roberto_Carrillo/.pico-sdk/sdk/2.2.0/src/rp2_common/hardware_ticks/ticks.c.obj
 .ARM.attributes
                0x0000036c       0x38 CMakeFiles/4DOFArm.dir/C_/Users/Roberto_Carrillo/.pico-sdk/sdk/2.2.0/src/rp2_common/pico_bootrom/bootrom.c.obj
 .ARM.attributes
                0x000003a4       0x38 CMakeFiles/4DOFArm.dir/C_/Users/Roberto_Carrillo/.pico-sdk/sdk/2.2.0/src/rp2_common/pico_bootrom/bootrom_lock.c.obj
 .ARM.attributes
                0x000003dc       0x38 CMakeFiles/4DOFArm.dir/C_/Users/Roberto_Carrillo/.pico-sdk/sdk/2.2.0/src/rp2_common/hardware_boot_lock/boot_lock.c.obj
 .ARM.attributes
                0x00000414       0x38 CMakeFiles/4DOFArm.dir/C_/Users/Roberto_Carrillo/.pico-sdk/sdk/2.2.0/src/rp2_common/hardware_xosc/xosc.c.obj
 .ARM.attributes
                0x0000044c       0x38 CMakeFiles/4DOFArm.dir/C_/Users/Roberto_Carrillo/.pico-sdk/sdk/2.2.0/src/rp2_common/pico_runtime/runtime.c.obj
 .ARM.attributes
                0x00000484       0x38 CMakeFiles/4DOFArm.dir/C_/Users/Roberto_Carrillo/.pico-sdk/sdk/2.2.0/src/rp2_common/pico_runtime_init/runtime_init.c.obj
 .ARM.attributes
                0x000004bc       0x38 CMakeFiles/4DOFArm.dir/C_/Users/Roberto_Carrillo/.pico-sdk/sdk/2.2.0/src/rp2_common/pico_runtime_init/runtime_init_clocks.c.obj
 .ARM.attributes
                0x000004f4       0x38 CMakeFiles/4DOFArm.dir/C_/Users/Roberto_Carrillo/.pico-sdk/sdk/2.2.0/src/rp2_common/pico_standard_binary_info/standard_binary_info.c.obj
 .ARM.attributes
                0x0000052c       0x38 CMakeFiles/4DOFArm.dir/C_/Users/Roberto_Carrillo/.pico-sdk/sdk/2.2.0/src/rp2_common/pico_printf/printf.c.obj
 .ARM.attributes
                0x00000564       0x28 CMakeFiles/4DOFArm.dir/C_/Users/Roberto_Carrillo/.pico-sdk/sdk/2.2.0/src/rp2_common/pico_crt0/crt0.S.obj
 .ARM.attributes
                0x0000058c       0x38 CMakeFiles/4DOFArm.dir/C_/Users/Roberto_Carrillo/.pico-sdk/sdk/2.2.0/src/rp2_common/pico_clib_interface/newlib_interface.c.obj
 .ARM.attributes
                0x000005c4       0x38 CMakeFiles/4DOFArm.dir/C_/Users/Roberto_Carrillo/.pico-sdk/sdk/2.2.0/src/rp2_common/pico_stdio/stdio.c.obj
 .ARM.attributes
                0x000005fc       0x38 CMakeFiles/4DOFArm.dir/C_/Users/Roberto_Carrillo/.pico-sdk/sdk/2.2.0/src/rp2_common/hardware_spi/spi.c.obj
 .ARM.attributes
                0x00000634       0x38 CMakeFiles/4DOFArm.dir/C_/Users/Roberto_Carrillo/.pico-sdk/sdk/2.2.0/src/rp2_common/hardware_i2c/i2c.c.obj
 .ARM.attributes
                0x0000066c       0x24 C:/Users/ROBERT~1/PICO-S~1/TOOLCH~1/14_2_R~1/bin/../lib/gcc/arm-none-eabi/14.2.1/thumb/v8-m.main+fp/softfp\libg.a(libc_a-memcpy.o)
 .ARM.attributes
                0x00000690       0x36 C:/Users/ROBERT~1/PICO-S~1/TOOLCH~1/14_2_R~1/bin/../lib/gcc/arm-none-eabi/14.2.1/thumb/v8-m.main+fp/softfp\libg.a(libc_a-strlen-stub.o)
 .ARM.attributes
                0x000006c6       0x36 C:/Users/ROBERT~1/PICO-S~1/TOOLCH~1/14_2_R~1/bin/../lib/gcc/arm-none-eabi/14.2.1/thumb/v8-m.main+fp/softfp/crtend.o

.comment        0x00000000       0x45
 .comment       0x00000000       0x45 CMakeFiles/4DOFArm.dir/4DOFArm.cpp.obj
                                 0x46 (size before relaxing)
 .comment       0x00000045       0x46 CMakeFiles/4DOFArm.dir/C_/Users/Roberto_Carrillo/.pico-sdk/sdk/2.2.0/src/rp2_common/hardware_gpio/gpio.c.obj
 .comment       0x00000045       0x46 CMakeFiles/4DOFArm.dir/C_/Users/Roberto_Carrillo/.pico-sdk/sdk/2.2.0/src/rp2_common/pico_platform_panic/panic.c.obj
 .comment       0x00000045       0x46 CMakeFiles/4DOFArm.dir/C_/Users/Roberto_Carrillo/.pico-sdk/sdk/2.2.0/src/common/hardware_claim/claim.c.obj
 .comment       0x00000045       0x46 CMakeFiles/4DOFArm.dir/C_/Users/Roberto_Carrillo/.pico-sdk/sdk/2.2.0/src/rp2_common/hardware_sync/sync.c.obj
 .comment       0x00000045       0x46 CMakeFiles/4DOFArm.dir/C_/Users/Roberto_Carrillo/.pico-sdk/sdk/2.2.0/src/rp2_common/hardware_sync_spin_lock/sync_spin_lock.c.obj
 .comment       0x00000045       0x46 CMakeFiles/4DOFArm.dir/C_/Users/Roberto_Carrillo/.pico-sdk/sdk/2.2.0/src/rp2_common/hardware_irq/irq.c.obj
 .comment       0x00000045       0x46 CMakeFiles/4DOFArm.dir/C_/Users/Roberto_Carrillo/.pico-sdk/sdk/2.2.0/src/common/pico_sync/lock_core.c.obj
 .comment       0x00000045       0x46 CMakeFiles/4DOFArm.dir/C_/Users/Roberto_Carrillo/.pico-sdk/sdk/2.2.0/src/common/pico_sync/mutex.c.obj
 .comment       0x00000045       0x46 CMakeFiles/4DOFArm.dir/C_/Users/Roberto_Carrillo/.pico-sdk/sdk/2.2.0/src/common/pico_time/time.c.obj
 .comment       0x00000045       0x46 CMakeFiles/4DOFArm.dir/C_/Users/Roberto_Carrillo/.pico-sdk/sdk/2.2.0/src/rp2_common/hardware_timer/timer.c.obj
 .comment       0x00000045       0x46 CMakeFiles/4DOFArm.dir/C_/Users/Roberto_Carrillo/.pico-sdk/sdk/2.2.0/src/rp2_common/hardware_clocks/clocks.c.obj
 .comment       0x00000045       0x46 CMakeFiles/4DOFArm.dir/C_/Users/Roberto_Carrillo/.pico-sdk/sdk/2.2.0/src/rp2_common/hardware_pll/pll.c.obj
 .comment       0x00000045       0x46 CMakeFiles/4DOFArm.dir/C_/Users/Roberto_Carrillo/.pico-sdk/sdk/2.2.0/src/rp2_common/hardware_ticks/ticks.c.obj
 .comment       0x00000045       0x46 CMakeFiles/4DOFArm.dir/C_/Users/Roberto_Carrillo/.pico-sdk/sdk/2.2.0/src/rp2_common/pico_bootrom/bootrom.c.obj
 .comment       0x00000045       0x46 CMakeFiles/4DOFArm.dir/C_/Users/Roberto_Carrillo/.pico-sdk/sdk/2.2.0/src/rp2_common/pico_bootrom/bootrom_lock.c.obj
 .comment       0x00000045       0x46 CMakeFiles/4DOFArm.dir/C_/Users/Roberto_Carrillo/.pico-sdk/sdk/2.2.0/src/rp2_common/hardware_boot_lock/boot_lock.c.obj
 .comment       0x00000045       0x46 CMakeFiles/4DOFArm.dir/C_/Users/Roberto_Carrillo/.pico-sdk/sdk/2.2.0/src/rp2_common/hardware_xosc/xosc.c.obj
 .comment       0x00000045       0x46 CMakeFiles/4DOFArm.dir/C_/Users/Roberto_Carrillo/.pico-sdk/sdk/2.2.0/src/rp2_common/pico_runtime/runtime.c.obj
 .comment       0x00000045       0x46 CMakeFiles/4DOFArm.dir/C_/Users/Roberto_Carrillo/.pico-sdk/sdk/2.2.0/src/rp2_common/pico_runtime_init/runtime_init.c.obj
 .comment       0x00000045       0x46 CMakeFiles/4DOFArm.dir/C_/Users/Roberto_Carrillo/.pico-sdk/sdk/2.2.0/src/rp2_common/pico_runtime_init/runtime_init_clocks.c.obj
 .comment       0x00000045       0x46 CMakeFiles/4DOFArm.dir/C_/Users/Roberto_Carrillo/.pico-sdk/sdk/2.2.0/src/rp2_common/pico_standard_binary_info/standard_binary_info.c.obj
 .comment       0x00000045       0x46 CMakeFiles/4DOFArm.dir/C_/Users/Roberto_Carrillo/.pico-sdk/sdk/2.2.0/src/rp2_common/pico_printf/printf.c.obj
 .comment       0x00000045       0x46 CMakeFiles/4DOFArm.dir/C_/Users/Roberto_Carrillo/.pico-sdk/sdk/2.2.0/src/rp2_common/pico_clib_interface/newlib_interface.c.obj
 .comment       0x00000045       0x46 CMakeFiles/4DOFArm.dir/C_/Users/Roberto_Carrillo/.pico-sdk/sdk/2.2.0/src/rp2_common/pico_stdio/stdio.c.obj
 .comment       0x00000045       0x46 CMakeFiles/4DOFArm.dir/C_/Users/Roberto_Carrillo/.pico-sdk/sdk/2.2.0/src/rp2_common/hardware_spi/spi.c.obj
 .comment       0x00000045       0x46 CMakeFiles/4DOFArm.dir/C_/Users/Roberto_Carrillo/.pico-sdk/sdk/2.2.0/src/rp2_common/hardware_i2c/i2c.c.obj

.debug_info     0x00000000    0x20bca
 .debug_info    0x00000000      0xb12 CMakeFiles/4DOFArm.dir/4DOFArm.cpp.obj
 .debug_info    0x00000b12     0x2416 CMakeFiles/4DOFArm.dir/C_/Users/Roberto_Carrillo/.pico-sdk/sdk/2.2.0/src/rp2_common/hardware_gpio/gpio.c.obj
 .debug_info    0x00002f28      0x1be CMakeFiles/4DOFArm.dir/C_/Users/Roberto_Carrillo/.pico-sdk/sdk/2.2.0/src/rp2_common/pico_platform_panic/panic.c.obj
 .debug_info    0x000030e6      0xb78 CMakeFiles/4DOFArm.dir/C_/Users/Roberto_Carrillo/.pico-sdk/sdk/2.2.0/src/common/hardware_claim/claim.c.obj
 .debug_info    0x00003c5e      0x46f CMakeFiles/4DOFArm.dir/C_/Users/Roberto_Carrillo/.pico-sdk/sdk/2.2.0/src/rp2_common/hardware_sync/sync.c.obj
 .debug_info    0x000040cd     0x145e CMakeFiles/4DOFArm.dir/C_/Users/Roberto_Carrillo/.pico-sdk/sdk/2.2.0/src/rp2_common/hardware_sync_spin_lock/sync_spin_lock.c.obj
 .debug_info    0x0000552b     0x262d CMakeFiles/4DOFArm.dir/C_/Users/Roberto_Carrillo/.pico-sdk/sdk/2.2.0/src/rp2_common/hardware_irq/irq.c.obj
 .debug_info    0x00007b58      0x187 CMakeFiles/4DOFArm.dir/C_/Users/Roberto_Carrillo/.pico-sdk/sdk/2.2.0/src/common/pico_sync/lock_core.c.obj
 .debug_info    0x00007cdf     0x1e7c CMakeFiles/4DOFArm.dir/C_/Users/Roberto_Carrillo/.pico-sdk/sdk/2.2.0/src/common/pico_sync/mutex.c.obj
 .debug_info    0x00009b5b     0x5492 CMakeFiles/4DOFArm.dir/C_/Users/Roberto_Carrillo/.pico-sdk/sdk/2.2.0/src/common/pico_time/time.c.obj
 .debug_info    0x0000efed     0x30c6 CMakeFiles/4DOFArm.dir/C_/Users/Roberto_Carrillo/.pico-sdk/sdk/2.2.0/src/rp2_common/hardware_timer/timer.c.obj
 .debug_info    0x000120b3     0x28c2 CMakeFiles/4DOFArm.dir/C_/Users/Roberto_Carrillo/.pico-sdk/sdk/2.2.0/src/rp2_common/hardware_clocks/clocks.c.obj
 .debug_info    0x00014975      0x507 CMakeFiles/4DOFArm.dir/C_/Users/Roberto_Carrillo/.pico-sdk/sdk/2.2.0/src/rp2_common/hardware_pll/pll.c.obj
 .debug_info    0x00014e7c      0x26c CMakeFiles/4DOFArm.dir/C_/Users/Roberto_Carrillo/.pico-sdk/sdk/2.2.0/src/rp2_common/hardware_ticks/ticks.c.obj
 .debug_info    0x000150e8     0x10ab CMakeFiles/4DOFArm.dir/C_/Users/Roberto_Carrillo/.pico-sdk/sdk/2.2.0/src/rp2_common/pico_bootrom/bootrom.c.obj
 .debug_info    0x00016193      0x1c4 CMakeFiles/4DOFArm.dir/C_/Users/Roberto_Carrillo/.pico-sdk/sdk/2.2.0/src/rp2_common/pico_bootrom/bootrom_lock.c.obj
 .debug_info    0x00016357      0x316 CMakeFiles/4DOFArm.dir/C_/Users/Roberto_Carrillo/.pico-sdk/sdk/2.2.0/src/rp2_common/hardware_boot_lock/boot_lock.c.obj
 .debug_info    0x0001666d      0x1b1 CMakeFiles/4DOFArm.dir/C_/Users/Roberto_Carrillo/.pico-sdk/sdk/2.2.0/src/rp2_common/hardware_xosc/xosc.c.obj
 .debug_info    0x0001681e      0x21a CMakeFiles/4DOFArm.dir/C_/Users/Roberto_Carrillo/.pico-sdk/sdk/2.2.0/src/rp2_common/pico_runtime/runtime.c.obj
 .debug_info    0x00016a38     0x1c34 CMakeFiles/4DOFArm.dir/C_/Users/Roberto_Carrillo/.pico-sdk/sdk/2.2.0/src/rp2_common/pico_runtime_init/runtime_init.c.obj
 .debug_info    0x0001866c      0x7c9 CMakeFiles/4DOFArm.dir/C_/Users/Roberto_Carrillo/.pico-sdk/sdk/2.2.0/src/rp2_common/pico_runtime_init/runtime_init_clocks.c.obj
 .debug_info    0x00018e35      0x2e2 CMakeFiles/4DOFArm.dir/C_/Users/Roberto_Carrillo/.pico-sdk/sdk/2.2.0/src/rp2_common/pico_standard_binary_info/standard_binary_info.c.obj
 .debug_info    0x00019117     0x22ff CMakeFiles/4DOFArm.dir/C_/Users/Roberto_Carrillo/.pico-sdk/sdk/2.2.0/src/rp2_common/pico_printf/printf.c.obj
 .debug_info    0x0001b416       0x23 CMakeFiles/4DOFArm.dir/C_/Users/Roberto_Carrillo/.pico-sdk/sdk/2.2.0/src/rp2_common/pico_crt0/crt0.S.obj
 .debug_info    0x0001b439      0xc25 CMakeFiles/4DOFArm.dir/C_/Users/Roberto_Carrillo/.pico-sdk/sdk/2.2.0/src/rp2_common/pico_clib_interface/newlib_interface.c.obj
 .debug_info    0x0001c05e     0x1c24 CMakeFiles/4DOFArm.dir/C_/Users/Roberto_Carrillo/.pico-sdk/sdk/2.2.0/src/rp2_common/pico_stdio/stdio.c.obj
 .debug_info    0x0001dc82     0x122c CMakeFiles/4DOFArm.dir/C_/Users/Roberto_Carrillo/.pico-sdk/sdk/2.2.0/src/rp2_common/hardware_spi/spi.c.obj
 .debug_info    0x0001eeae     0x1d1c CMakeFiles/4DOFArm.dir/C_/Users/Roberto_Carrillo/.pico-sdk/sdk/2.2.0/src/rp2_common/hardware_i2c/i2c.c.obj

.debug_abbrev   0x00000000     0x56e3
 .debug_abbrev  0x00000000      0x29f CMakeFiles/4DOFArm.dir/4DOFArm.cpp.obj
 .debug_abbrev  0x0000029f      0x558 CMakeFiles/4DOFArm.dir/C_/Users/Roberto_Carrillo/.pico-sdk/sdk/2.2.0/src/rp2_common/hardware_gpio/gpio.c.obj
 .debug_abbrev  0x000007f7      0x12b CMakeFiles/4DOFArm.dir/C_/Users/Roberto_Carrillo/.pico-sdk/sdk/2.2.0/src/rp2_common/pico_platform_panic/panic.c.obj
 .debug_abbrev  0x00000922      0x35e CMakeFiles/4DOFArm.dir/C_/Users/Roberto_Carrillo/.pico-sdk/sdk/2.2.0/src/common/hardware_claim/claim.c.obj
 .debug_abbrev  0x00000c80      0x22f CMakeFiles/4DOFArm.dir/C_/Users/Roberto_Carrillo/.pico-sdk/sdk/2.2.0/src/rp2_common/hardware_sync/sync.c.obj
 .debug_abbrev  0x00000eaf      0x26e CMakeFiles/4DOFArm.dir/C_/Users/Roberto_Carrillo/.pico-sdk/sdk/2.2.0/src/rp2_common/hardware_sync_spin_lock/sync_spin_lock.c.obj
 .debug_abbrev  0x0000111d      0x63b CMakeFiles/4DOFArm.dir/C_/Users/Roberto_Carrillo/.pico-sdk/sdk/2.2.0/src/rp2_common/hardware_irq/irq.c.obj
 .debug_abbrev  0x00001758      0x11e CMakeFiles/4DOFArm.dir/C_/Users/Roberto_Carrillo/.pico-sdk/sdk/2.2.0/src/common/pico_sync/lock_core.c.obj
 .debug_abbrev  0x00001876      0x49b CMakeFiles/4DOFArm.dir/C_/Users/Roberto_Carrillo/.pico-sdk/sdk/2.2.0/src/common/pico_sync/mutex.c.obj
 .debug_abbrev  0x00001d11      0x644 CMakeFiles/4DOFArm.dir/C_/Users/Roberto_Carrillo/.pico-sdk/sdk/2.2.0/src/common/pico_time/time.c.obj
 .debug_abbrev  0x00002355      0x4f9 CMakeFiles/4DOFArm.dir/C_/Users/Roberto_Carrillo/.pico-sdk/sdk/2.2.0/src/rp2_common/hardware_timer/timer.c.obj
 .debug_abbrev  0x0000284e      0x517 CMakeFiles/4DOFArm.dir/C_/Users/Roberto_Carrillo/.pico-sdk/sdk/2.2.0/src/rp2_common/hardware_clocks/clocks.c.obj
 .debug_abbrev  0x00002d65      0x1a8 CMakeFiles/4DOFArm.dir/C_/Users/Roberto_Carrillo/.pico-sdk/sdk/2.2.0/src/rp2_common/hardware_pll/pll.c.obj
 .debug_abbrev  0x00002f0d      0x146 CMakeFiles/4DOFArm.dir/C_/Users/Roberto_Carrillo/.pico-sdk/sdk/2.2.0/src/rp2_common/hardware_ticks/ticks.c.obj
 .debug_abbrev  0x00003053      0x458 CMakeFiles/4DOFArm.dir/C_/Users/Roberto_Carrillo/.pico-sdk/sdk/2.2.0/src/rp2_common/pico_bootrom/bootrom.c.obj
 .debug_abbrev  0x000034ab       0xfb CMakeFiles/4DOFArm.dir/C_/Users/Roberto_Carrillo/.pico-sdk/sdk/2.2.0/src/rp2_common/pico_bootrom/bootrom_lock.c.obj
 .debug_abbrev  0x000035a6      0x1de CMakeFiles/4DOFArm.dir/C_/Users/Roberto_Carrillo/.pico-sdk/sdk/2.2.0/src/rp2_common/hardware_boot_lock/boot_lock.c.obj
 .debug_abbrev  0x00003784      0x109 CMakeFiles/4DOFArm.dir/C_/Users/Roberto_Carrillo/.pico-sdk/sdk/2.2.0/src/rp2_common/hardware_xosc/xosc.c.obj
 .debug_abbrev  0x0000388d      0x182 CMakeFiles/4DOFArm.dir/C_/Users/Roberto_Carrillo/.pico-sdk/sdk/2.2.0/src/rp2_common/pico_runtime/runtime.c.obj
 .debug_abbrev  0x00003a0f      0x310 CMakeFiles/4DOFArm.dir/C_/Users/Roberto_Carrillo/.pico-sdk/sdk/2.2.0/src/rp2_common/pico_runtime_init/runtime_init.c.obj
 .debug_abbrev  0x00003d1f      0x2b8 CMakeFiles/4DOFArm.dir/C_/Users/Roberto_Carrillo/.pico-sdk/sdk/2.2.0/src/rp2_common/pico_runtime_init/runtime_init_clocks.c.obj
 .debug_abbrev  0x00003fd7       0xb8 CMakeFiles/4DOFArm.dir/C_/Users/Roberto_Carrillo/.pico-sdk/sdk/2.2.0/src/rp2_common/pico_standard_binary_info/standard_binary_info.c.obj
 .debug_abbrev  0x0000408f      0x505 CMakeFiles/4DOFArm.dir/C_/Users/Roberto_Carrillo/.pico-sdk/sdk/2.2.0/src/rp2_common/pico_printf/printf.c.obj
 .debug_abbrev  0x00004594       0x12 CMakeFiles/4DOFArm.dir/C_/Users/Roberto_Carrillo/.pico-sdk/sdk/2.2.0/src/rp2_common/pico_crt0/crt0.S.obj
 .debug_abbrev  0x000045a6      0x375 CMakeFiles/4DOFArm.dir/C_/Users/Roberto_Carrillo/.pico-sdk/sdk/2.2.0/src/rp2_common/pico_clib_interface/newlib_interface.c.obj
 .debug_abbrev  0x0000491b      0x5fd CMakeFiles/4DOFArm.dir/C_/Users/Roberto_Carrillo/.pico-sdk/sdk/2.2.0/src/rp2_common/pico_stdio/stdio.c.obj
 .debug_abbrev  0x00004f18      0x326 CMakeFiles/4DOFArm.dir/C_/Users/Roberto_Carrillo/.pico-sdk/sdk/2.2.0/src/rp2_common/hardware_spi/spi.c.obj
 .debug_abbrev  0x0000523e      0x4a5 CMakeFiles/4DOFArm.dir/C_/Users/Roberto_Carrillo/.pico-sdk/sdk/2.2.0/src/rp2_common/hardware_i2c/i2c.c.obj

.debug_loclists
                0x00000000    0x10322
 .debug_loclists
                0x00000000       0x78 CMakeFiles/4DOFArm.dir/4DOFArm.cpp.obj
 .debug_loclists
                0x00000078     0x17d5 CMakeFiles/4DOFArm.dir/C_/Users/Roberto_Carrillo/.pico-sdk/sdk/2.2.0/src/rp2_common/hardware_gpio/gpio.c.obj
 .debug_loclists
                0x0000184d      0x42d CMakeFiles/4DOFArm.dir/C_/Users/Roberto_Carrillo/.pico-sdk/sdk/2.2.0/src/common/hardware_claim/claim.c.obj
 .debug_loclists
                0x00001c7a      0x132 CMakeFiles/4DOFArm.dir/C_/Users/Roberto_Carrillo/.pico-sdk/sdk/2.2.0/src/rp2_common/hardware_sync/sync.c.obj
 .debug_loclists
                0x00001dac       0xa2 CMakeFiles/4DOFArm.dir/C_/Users/Roberto_Carrillo/.pico-sdk/sdk/2.2.0/src/rp2_common/hardware_sync_spin_lock/sync_spin_lock.c.obj
 .debug_loclists
                0x00001e4e     0x1034 CMakeFiles/4DOFArm.dir/C_/Users/Roberto_Carrillo/.pico-sdk/sdk/2.2.0/src/rp2_common/hardware_irq/irq.c.obj
 .debug_loclists
                0x00002e82       0x17 CMakeFiles/4DOFArm.dir/C_/Users/Roberto_Carrillo/.pico-sdk/sdk/2.2.0/src/common/pico_sync/lock_core.c.obj
 .debug_loclists
                0x00002e99      0xae7 CMakeFiles/4DOFArm.dir/C_/Users/Roberto_Carrillo/.pico-sdk/sdk/2.2.0/src/common/pico_sync/mutex.c.obj
 .debug_loclists
                0x00003980     0x2c58 CMakeFiles/4DOFArm.dir/C_/Users/Roberto_Carrillo/.pico-sdk/sdk/2.2.0/src/common/pico_time/time.c.obj
 .debug_loclists
                0x000065d8     0x1a3f CMakeFiles/4DOFArm.dir/C_/Users/Roberto_Carrillo/.pico-sdk/sdk/2.2.0/src/rp2_common/hardware_timer/timer.c.obj
 .debug_loclists
                0x00008017     0x2038 CMakeFiles/4DOFArm.dir/C_/Users/Roberto_Carrillo/.pico-sdk/sdk/2.2.0/src/rp2_common/hardware_clocks/clocks.c.obj
 .debug_loclists
                0x0000a04f      0x1b7 CMakeFiles/4DOFArm.dir/C_/Users/Roberto_Carrillo/.pico-sdk/sdk/2.2.0/src/rp2_common/hardware_pll/pll.c.obj
 .debug_loclists
                0x0000a206       0x8b CMakeFiles/4DOFArm.dir/C_/Users/Roberto_Carrillo/.pico-sdk/sdk/2.2.0/src/rp2_common/hardware_ticks/ticks.c.obj
 .debug_loclists
                0x0000a291      0x812 CMakeFiles/4DOFArm.dir/C_/Users/Roberto_Carrillo/.pico-sdk/sdk/2.2.0/src/rp2_common/pico_bootrom/bootrom.c.obj
 .debug_loclists
                0x0000aaa3       0x28 CMakeFiles/4DOFArm.dir/C_/Users/Roberto_Carrillo/.pico-sdk/sdk/2.2.0/src/rp2_common/pico_bootrom/bootrom_lock.c.obj
 .debug_loclists
                0x0000aacb       0x78 CMakeFiles/4DOFArm.dir/C_/Users/Roberto_Carrillo/.pico-sdk/sdk/2.2.0/src/rp2_common/hardware_boot_lock/boot_lock.c.obj
 .debug_loclists
                0x0000ab43       0x48 CMakeFiles/4DOFArm.dir/C_/Users/Roberto_Carrillo/.pico-sdk/sdk/2.2.0/src/rp2_common/hardware_xosc/xosc.c.obj
 .debug_loclists
                0x0000ab8b       0x7e CMakeFiles/4DOFArm.dir/C_/Users/Roberto_Carrillo/.pico-sdk/sdk/2.2.0/src/rp2_common/pico_runtime/runtime.c.obj
 .debug_loclists
                0x0000ac09      0x129 CMakeFiles/4DOFArm.dir/C_/Users/Roberto_Carrillo/.pico-sdk/sdk/2.2.0/src/rp2_common/pico_runtime_init/runtime_init.c.obj
 .debug_loclists
                0x0000ad32       0x74 CMakeFiles/4DOFArm.dir/C_/Users/Roberto_Carrillo/.pico-sdk/sdk/2.2.0/src/rp2_common/pico_runtime_init/runtime_init_clocks.c.obj
 .debug_loclists
                0x0000ada6     0x2e21 CMakeFiles/4DOFArm.dir/C_/Users/Roberto_Carrillo/.pico-sdk/sdk/2.2.0/src/rp2_common/pico_printf/printf.c.obj
 .debug_loclists
                0x0000dbc7      0x425 CMakeFiles/4DOFArm.dir/C_/Users/Roberto_Carrillo/.pico-sdk/sdk/2.2.0/src/rp2_common/pico_clib_interface/newlib_interface.c.obj
 .debug_loclists
                0x0000dfec      0xb26 CMakeFiles/4DOFArm.dir/C_/Users/Roberto_Carrillo/.pico-sdk/sdk/2.2.0/src/rp2_common/pico_stdio/stdio.c.obj
 .debug_loclists
                0x0000eb12      0x99a CMakeFiles/4DOFArm.dir/C_/Users/Roberto_Carrillo/.pico-sdk/sdk/2.2.0/src/rp2_common/hardware_spi/spi.c.obj
 .debug_loclists
                0x0000f4ac      0xe76 CMakeFiles/4DOFArm.dir/C_/Users/Roberto_Carrillo/.pico-sdk/sdk/2.2.0/src/rp2_common/hardware_i2c/i2c.c.obj

.debug_aranges  0x00000000      0xb28
 .debug_aranges
                0x00000000       0x30 CMakeFiles/4DOFArm.dir/4DOFArm.cpp.obj
 .debug_aranges
                0x00000030      0x118 CMakeFiles/4DOFArm.dir/C_/Users/Roberto_Carrillo/.pico-sdk/sdk/2.2.0/src/rp2_common/hardware_gpio/gpio.c.obj
 .debug_aranges
                0x00000148       0x28 CMakeFiles/4DOFArm.dir/C_/Users/Roberto_Carrillo/.pico-sdk/sdk/2.2.0/src/rp2_common/pico_platform_panic/panic.c.obj
 .debug_aranges
                0x00000170       0x48 CMakeFiles/4DOFArm.dir/C_/Users/Roberto_Carrillo/.pico-sdk/sdk/2.2.0/src/common/hardware_claim/claim.c.obj
 .debug_aranges
                0x000001b8       0x48 CMakeFiles/4DOFArm.dir/C_/Users/Roberto_Carrillo/.pico-sdk/sdk/2.2.0/src/rp2_common/hardware_sync/sync.c.obj
 .debug_aranges
                0x00000200       0x30 CMakeFiles/4DOFArm.dir/C_/Users/Roberto_Carrillo/.pico-sdk/sdk/2.2.0/src/rp2_common/hardware_sync_spin_lock/sync_spin_lock.c.obj
 .debug_aranges
                0x00000230       0xb8 CMakeFiles/4DOFArm.dir/C_/Users/Roberto_Carrillo/.pico-sdk/sdk/2.2.0/src/rp2_common/hardware_irq/irq.c.obj
 .debug_aranges
                0x000002e8       0x20 CMakeFiles/4DOFArm.dir/C_/Users/Roberto_Carrillo/.pico-sdk/sdk/2.2.0/src/common/pico_sync/lock_core.c.obj
 .debug_aranges
                0x00000308       0x98 CMakeFiles/4DOFArm.dir/C_/Users/Roberto_Carrillo/.pico-sdk/sdk/2.2.0/src/common/pico_sync/mutex.c.obj
 .debug_aranges
                0x000003a0       0xe0 CMakeFiles/4DOFArm.dir/C_/Users/Roberto_Carrillo/.pico-sdk/sdk/2.2.0/src/common/pico_time/time.c.obj
 .debug_aranges
                0x00000480       0xf0 CMakeFiles/4DOFArm.dir/C_/Users/Roberto_Carrillo/.pico-sdk/sdk/2.2.0/src/rp2_common/hardware_timer/timer.c.obj
 .debug_aranges
                0x00000570       0x90 CMakeFiles/4DOFArm.dir/C_/Users/Roberto_Carrillo/.pico-sdk/sdk/2.2.0/src/rp2_common/hardware_clocks/clocks.c.obj
 .debug_aranges
                0x00000600       0x28 CMakeFiles/4DOFArm.dir/C_/Users/Roberto_Carrillo/.pico-sdk/sdk/2.2.0/src/rp2_common/hardware_pll/pll.c.obj
 .debug_aranges
                0x00000628       0x30 CMakeFiles/4DOFArm.dir/C_/Users/Roberto_Carrillo/.pico-sdk/sdk/2.2.0/src/rp2_common/hardware_ticks/ticks.c.obj
 .debug_aranges
                0x00000658       0x60 CMakeFiles/4DOFArm.dir/C_/Users/Roberto_Carrillo/.pico-sdk/sdk/2.2.0/src/rp2_common/pico_bootrom/bootrom.c.obj
 .debug_aranges
                0x000006b8       0x20 CMakeFiles/4DOFArm.dir/C_/Users/Roberto_Carrillo/.pico-sdk/sdk/2.2.0/src/rp2_common/pico_bootrom/bootrom_lock.c.obj
 .debug_aranges
                0x000006d8       0x30 CMakeFiles/4DOFArm.dir/C_/Users/Roberto_Carrillo/.pico-sdk/sdk/2.2.0/src/rp2_common/hardware_boot_lock/boot_lock.c.obj
 .debug_aranges
                0x00000708       0x30 CMakeFiles/4DOFArm.dir/C_/Users/Roberto_Carrillo/.pico-sdk/sdk/2.2.0/src/rp2_common/hardware_xosc/xosc.c.obj
 .debug_aranges
                0x00000738       0x38 CMakeFiles/4DOFArm.dir/C_/Users/Roberto_Carrillo/.pico-sdk/sdk/2.2.0/src/rp2_common/pico_runtime/runtime.c.obj
 .debug_aranges
                0x00000770       0x58 CMakeFiles/4DOFArm.dir/C_/Users/Roberto_Carrillo/.pico-sdk/sdk/2.2.0/src/rp2_common/pico_runtime_init/runtime_init.c.obj
 .debug_aranges
                0x000007c8       0x20 CMakeFiles/4DOFArm.dir/C_/Users/Roberto_Carrillo/.pico-sdk/sdk/2.2.0/src/rp2_common/pico_runtime_init/runtime_init_clocks.c.obj
 .debug_aranges
                0x000007e8       0x18 CMakeFiles/4DOFArm.dir/C_/Users/Roberto_Carrillo/.pico-sdk/sdk/2.2.0/src/rp2_common/pico_standard_binary_info/standard_binary_info.c.obj
 .debug_aranges
                0x00000800       0x90 CMakeFiles/4DOFArm.dir/C_/Users/Roberto_Carrillo/.pico-sdk/sdk/2.2.0/src/rp2_common/pico_printf/printf.c.obj
 .debug_aranges
                0x00000890       0x28 CMakeFiles/4DOFArm.dir/C_/Users/Roberto_Carrillo/.pico-sdk/sdk/2.2.0/src/rp2_common/pico_crt0/crt0.S.obj
 .debug_aranges
                0x000008b8       0xa8 CMakeFiles/4DOFArm.dir/C_/Users/Roberto_Carrillo/.pico-sdk/sdk/2.2.0/src/rp2_common/pico_clib_interface/newlib_interface.c.obj
 .debug_aranges
                0x00000960       0xc8 CMakeFiles/4DOFArm.dir/C_/Users/Roberto_Carrillo/.pico-sdk/sdk/2.2.0/src/rp2_common/pico_stdio/stdio.c.obj
 .debug_aranges
                0x00000a28       0x68 CMakeFiles/4DOFArm.dir/C_/Users/Roberto_Carrillo/.pico-sdk/sdk/2.2.0/src/rp2_common/hardware_spi/spi.c.obj
 .debug_aranges
                0x00000a90       0x98 CMakeFiles/4DOFArm.dir/C_/Users/Roberto_Carrillo/.pico-sdk/sdk/2.2.0/src/rp2_common/hardware_i2c/i2c.c.obj

.debug_rnglists
                0x00000000     0x2fc3
 .debug_rnglists
                0x00000000       0x2b CMakeFiles/4DOFArm.dir/4DOFArm.cpp.obj
 .debug_rnglists
                0x0000002b      0x626 CMakeFiles/4DOFArm.dir/C_/Users/Roberto_Carrillo/.pico-sdk/sdk/2.2.0/src/rp2_common/hardware_gpio/gpio.c.obj
 .debug_rnglists
                0x00000651       0x19 CMakeFiles/4DOFArm.dir/C_/Users/Roberto_Carrillo/.pico-sdk/sdk/2.2.0/src/rp2_common/pico_platform_panic/panic.c.obj
 .debug_rnglists
                0x0000066a       0xf2 CMakeFiles/4DOFArm.dir/C_/Users/Roberto_Carrillo/.pico-sdk/sdk/2.2.0/src/common/hardware_claim/claim.c.obj
 .debug_rnglists
                0x0000075c       0x5b CMakeFiles/4DOFArm.dir/C_/Users/Roberto_Carrillo/.pico-sdk/sdk/2.2.0/src/rp2_common/hardware_sync/sync.c.obj
 .debug_rnglists
                0x000007b7       0x43 CMakeFiles/4DOFArm.dir/C_/Users/Roberto_Carrillo/.pico-sdk/sdk/2.2.0/src/rp2_common/hardware_sync_spin_lock/sync_spin_lock.c.obj
 .debug_rnglists
                0x000007fa      0x3e4 CMakeFiles/4DOFArm.dir/C_/Users/Roberto_Carrillo/.pico-sdk/sdk/2.2.0/src/rp2_common/hardware_irq/irq.c.obj
 .debug_rnglists
                0x00000bde       0x13 CMakeFiles/4DOFArm.dir/C_/Users/Roberto_Carrillo/.pico-sdk/sdk/2.2.0/src/common/pico_sync/lock_core.c.obj
 .debug_rnglists
                0x00000bf1      0x2ac CMakeFiles/4DOFArm.dir/C_/Users/Roberto_Carrillo/.pico-sdk/sdk/2.2.0/src/common/pico_sync/mutex.c.obj
 .debug_rnglists
                0x00000e9d      0x847 CMakeFiles/4DOFArm.dir/C_/Users/Roberto_Carrillo/.pico-sdk/sdk/2.2.0/src/common/pico_time/time.c.obj
 .debug_rnglists
                0x000016e4      0x481 CMakeFiles/4DOFArm.dir/C_/Users/Roberto_Carrillo/.pico-sdk/sdk/2.2.0/src/rp2_common/hardware_timer/timer.c.obj
 .debug_rnglists
                0x00001b65      0x610 CMakeFiles/4DOFArm.dir/C_/Users/Roberto_Carrillo/.pico-sdk/sdk/2.2.0/src/rp2_common/hardware_clocks/clocks.c.obj
 .debug_rnglists
                0x00002175       0x59 CMakeFiles/4DOFArm.dir/C_/Users/Roberto_Carrillo/.pico-sdk/sdk/2.2.0/src/rp2_common/hardware_pll/pll.c.obj
 .debug_rnglists
                0x000021ce       0x2b CMakeFiles/4DOFArm.dir/C_/Users/Roberto_Carrillo/.pico-sdk/sdk/2.2.0/src/rp2_common/hardware_ticks/ticks.c.obj
 .debug_rnglists
                0x000021f9      0x131 CMakeFiles/4DOFArm.dir/C_/Users/Roberto_Carrillo/.pico-sdk/sdk/2.2.0/src/rp2_common/pico_bootrom/bootrom.c.obj
 .debug_rnglists
                0x0000232a       0x13 CMakeFiles/4DOFArm.dir/C_/Users/Roberto_Carrillo/.pico-sdk/sdk/2.2.0/src/rp2_common/pico_bootrom/bootrom_lock.c.obj
 .debug_rnglists
                0x0000233d       0x4f CMakeFiles/4DOFArm.dir/C_/Users/Roberto_Carrillo/.pico-sdk/sdk/2.2.0/src/rp2_common/hardware_boot_lock/boot_lock.c.obj
 .debug_rnglists
                0x0000238c       0x2b CMakeFiles/4DOFArm.dir/C_/Users/Roberto_Carrillo/.pico-sdk/sdk/2.2.0/src/rp2_common/hardware_xosc/xosc.c.obj
 .debug_rnglists
                0x000023b7       0x3d CMakeFiles/4DOFArm.dir/C_/Users/Roberto_Carrillo/.pico-sdk/sdk/2.2.0/src/rp2_common/pico_runtime/runtime.c.obj
 .debug_rnglists
                0x000023f4       0x7c CMakeFiles/4DOFArm.dir/C_/Users/Roberto_Carrillo/.pico-sdk/sdk/2.2.0/src/rp2_common/pico_runtime_init/runtime_init.c.obj
 .debug_rnglists
                0x00002470       0x2c CMakeFiles/4DOFArm.dir/C_/Users/Roberto_Carrillo/.pico-sdk/sdk/2.2.0/src/rp2_common/pico_runtime_init/runtime_init_clocks.c.obj
 .debug_rnglists
                0x0000249c      0x2fd CMakeFiles/4DOFArm.dir/C_/Users/Roberto_Carrillo/.pico-sdk/sdk/2.2.0/src/rp2_common/pico_printf/printf.c.obj
 .debug_rnglists
                0x00002799       0x1b CMakeFiles/4DOFArm.dir/C_/Users/Roberto_Carrillo/.pico-sdk/sdk/2.2.0/src/rp2_common/pico_crt0/crt0.S.obj
 .debug_rnglists
                0x000027b4       0xb5 CMakeFiles/4DOFArm.dir/C_/Users/Roberto_Carrillo/.pico-sdk/sdk/2.2.0/src/rp2_common/pico_clib_interface/newlib_interface.c.obj
 .debug_rnglists
                0x00002869      0x302 CMakeFiles/4DOFArm.dir/C_/Users/Roberto_Carrillo/.pico-sdk/sdk/2.2.0/src/rp2_common/pico_stdio/stdio.c.obj
 .debug_rnglists
                0x00002b6b      0x2b2 CMakeFiles/4DOFArm.dir/C_/Users/Roberto_Carrillo/.pico-sdk/sdk/2.2.0/src/rp2_common/hardware_spi/spi.c.obj
 .debug_rnglists
                0x00002e1d      0x1a6 CMakeFiles/4DOFArm.dir/C_/Users/Roberto_Carrillo/.pico-sdk/sdk/2.2.0/src/rp2_common/hardware_i2c/i2c.c.obj

.debug_line     0x00000000    0x1605c
 .debug_line    0x00000000      0x5fe CMakeFiles/4DOFArm.dir/4DOFArm.cpp.obj
 .debug_line    0x000005fe     0x1bc6 CMakeFiles/4DOFArm.dir/C_/Users/Roberto_Carrillo/.pico-sdk/sdk/2.2.0/src/rp2_common/hardware_gpio/gpio.c.obj
 .debug_line    0x000021c4      0x28c CMakeFiles/4DOFArm.dir/C_/Users/Roberto_Carrillo/.pico-sdk/sdk/2.2.0/src/rp2_common/pico_platform_panic/panic.c.obj
 .debug_line    0x00002450      0x80a CMakeFiles/4DOFArm.dir/C_/Users/Roberto_Carrillo/.pico-sdk/sdk/2.2.0/src/common/hardware_claim/claim.c.obj
 .debug_line    0x00002c5a      0x424 CMakeFiles/4DOFArm.dir/C_/Users/Roberto_Carrillo/.pico-sdk/sdk/2.2.0/src/rp2_common/hardware_sync/sync.c.obj
 .debug_line    0x0000307e      0x3a2 CMakeFiles/4DOFArm.dir/C_/Users/Roberto_Carrillo/.pico-sdk/sdk/2.2.0/src/rp2_common/hardware_sync_spin_lock/sync_spin_lock.c.obj
 .debug_line    0x00003420     0x171d CMakeFiles/4DOFArm.dir/C_/Users/Roberto_Carrillo/.pico-sdk/sdk/2.2.0/src/rp2_common/hardware_irq/irq.c.obj
 .debug_line    0x00004b3d      0x275 CMakeFiles/4DOFArm.dir/C_/Users/Roberto_Carrillo/.pico-sdk/sdk/2.2.0/src/common/pico_sync/lock_core.c.obj
 .debug_line    0x00004db2     0x1288 CMakeFiles/4DOFArm.dir/C_/Users/Roberto_Carrillo/.pico-sdk/sdk/2.2.0/src/common/pico_sync/mutex.c.obj
 .debug_line    0x0000603a     0x31ce CMakeFiles/4DOFArm.dir/C_/Users/Roberto_Carrillo/.pico-sdk/sdk/2.2.0/src/common/pico_time/time.c.obj
 .debug_line    0x00009208     0x1dcd CMakeFiles/4DOFArm.dir/C_/Users/Roberto_Carrillo/.pico-sdk/sdk/2.2.0/src/rp2_common/hardware_timer/timer.c.obj
 .debug_line    0x0000afd5     0x1ed4 CMakeFiles/4DOFArm.dir/C_/Users/Roberto_Carrillo/.pico-sdk/sdk/2.2.0/src/rp2_common/hardware_clocks/clocks.c.obj
 .debug_line    0x0000cea9      0x4eb CMakeFiles/4DOFArm.dir/C_/Users/Roberto_Carrillo/.pico-sdk/sdk/2.2.0/src/rp2_common/hardware_pll/pll.c.obj
 .debug_line    0x0000d394      0x341 CMakeFiles/4DOFArm.dir/C_/Users/Roberto_Carrillo/.pico-sdk/sdk/2.2.0/src/rp2_common/hardware_ticks/ticks.c.obj
 .debug_line    0x0000d6d5      0xb26 CMakeFiles/4DOFArm.dir/C_/Users/Roberto_Carrillo/.pico-sdk/sdk/2.2.0/src/rp2_common/pico_bootrom/bootrom.c.obj
 .debug_line    0x0000e1fb      0x3b9 CMakeFiles/4DOFArm.dir/C_/Users/Roberto_Carrillo/.pico-sdk/sdk/2.2.0/src/rp2_common/pico_bootrom/bootrom_lock.c.obj
 .debug_line    0x0000e5b4      0x427 CMakeFiles/4DOFArm.dir/C_/Users/Roberto_Carrillo/.pico-sdk/sdk/2.2.0/src/rp2_common/hardware_boot_lock/boot_lock.c.obj
 .debug_line    0x0000e9db      0x371 CMakeFiles/4DOFArm.dir/C_/Users/Roberto_Carrillo/.pico-sdk/sdk/2.2.0/src/rp2_common/hardware_xosc/xosc.c.obj
 .debug_line    0x0000ed4c      0x31d CMakeFiles/4DOFArm.dir/C_/Users/Roberto_Carrillo/.pico-sdk/sdk/2.2.0/src/rp2_common/pico_runtime/runtime.c.obj
 .debug_line    0x0000f069      0x6d8 CMakeFiles/4DOFArm.dir/C_/Users/Roberto_Carrillo/.pico-sdk/sdk/2.2.0/src/rp2_common/pico_runtime_init/runtime_init.c.obj
 .debug_line    0x0000f741      0x58d CMakeFiles/4DOFArm.dir/C_/Users/Roberto_Carrillo/.pico-sdk/sdk/2.2.0/src/rp2_common/pico_runtime_init/runtime_init_clocks.c.obj
 .debug_line    0x0000fcce      0x1fd CMakeFiles/4DOFArm.dir/C_/Users/Roberto_Carrillo/.pico-sdk/sdk/2.2.0/src/rp2_common/pico_standard_binary_info/standard_binary_info.c.obj
 .debug_line    0x0000fecb     0x1bc1 CMakeFiles/4DOFArm.dir/C_/Users/Roberto_Carrillo/.pico-sdk/sdk/2.2.0/src/rp2_common/pico_printf/printf.c.obj
 .debug_line    0x00011a8c       0x9e CMakeFiles/4DOFArm.dir/C_/Users/Roberto_Carrillo/.pico-sdk/sdk/2.2.0/src/rp2_common/pico_crt0/crt0.S.obj
 .debug_line    0x00011b2a      0x8c0 CMakeFiles/4DOFArm.dir/C_/Users/Roberto_Carrillo/.pico-sdk/sdk/2.2.0/src/rp2_common/pico_clib_interface/newlib_interface.c.obj
 .debug_line    0x000123ea     0x14db CMakeFiles/4DOFArm.dir/C_/Users/Roberto_Carrillo/.pico-sdk/sdk/2.2.0/src/rp2_common/pico_stdio/stdio.c.obj
 .debug_line    0x000138c5     0x14f5 CMakeFiles/4DOFArm.dir/C_/Users/Roberto_Carrillo/.pico-sdk/sdk/2.2.0/src/rp2_common/hardware_spi/spi.c.obj
 .debug_line    0x00014dba     0x12a2 CMakeFiles/4DOFArm.dir/C_/Users/Roberto_Carrillo/.pico-sdk/sdk/2.2.0/src/rp2_common/hardware_i2c/i2c.c.obj

.debug_str      0x00000000     0x59de
 .debug_str     0x00000000     0x59de CMakeFiles/4DOFArm.dir/4DOFArm.cpp.obj
                                0x869 (size before relaxing)
 .debug_str     0x000059de      0xd4f CMakeFiles/4DOFArm.dir/C_/Users/Roberto_Carrillo/.pico-sdk/sdk/2.2.0/src/rp2_common/hardware_gpio/gpio.c.obj
 .debug_str     0x000059de      0x228 CMakeFiles/4DOFArm.dir/C_/Users/Roberto_Carrillo/.pico-sdk/sdk/2.2.0/src/rp2_common/pico_platform_panic/panic.c.obj
 .debug_str     0x000059de      0x39a CMakeFiles/4DOFArm.dir/C_/Users/Roberto_Carrillo/.pico-sdk/sdk/2.2.0/src/common/hardware_claim/claim.c.obj
 .debug_str     0x000059de      0x345 CMakeFiles/4DOFArm.dir/C_/Users/Roberto_Carrillo/.pico-sdk/sdk/2.2.0/src/rp2_common/hardware_sync/sync.c.obj
 .debug_str     0x000059de      0xbf2 CMakeFiles/4DOFArm.dir/C_/Users/Roberto_Carrillo/.pico-sdk/sdk/2.2.0/src/rp2_common/hardware_sync_spin_lock/sync_spin_lock.c.obj
 .debug_str     0x000059de      0xc71 CMakeFiles/4DOFArm.dir/C_/Users/Roberto_Carrillo/.pico-sdk/sdk/2.2.0/src/rp2_common/hardware_irq/irq.c.obj
 .debug_str     0x000059de      0x237 CMakeFiles/4DOFArm.dir/C_/Users/Roberto_Carrillo/.pico-sdk/sdk/2.2.0/src/common/pico_sync/lock_core.c.obj
 .debug_str     0x000059de      0x90b CMakeFiles/4DOFArm.dir/C_/Users/Roberto_Carrillo/.pico-sdk/sdk/2.2.0/src/common/pico_sync/mutex.c.obj
 .debug_str     0x000059de     0x132d CMakeFiles/4DOFArm.dir/C_/Users/Roberto_Carrillo/.pico-sdk/sdk/2.2.0/src/common/pico_time/time.c.obj
 .debug_str     0x000059de      0xbc5 CMakeFiles/4DOFArm.dir/C_/Users/Roberto_Carrillo/.pico-sdk/sdk/2.2.0/src/rp2_common/hardware_timer/timer.c.obj
 .debug_str     0x000059de      0xbb4 CMakeFiles/4DOFArm.dir/C_/Users/Roberto_Carrillo/.pico-sdk/sdk/2.2.0/src/rp2_common/hardware_clocks/clocks.c.obj
 .debug_str     0x000059de      0x4be CMakeFiles/4DOFArm.dir/C_/Users/Roberto_Carrillo/.pico-sdk/sdk/2.2.0/src/rp2_common/hardware_pll/pll.c.obj
 .debug_str     0x000059de      0x2eb CMakeFiles/4DOFArm.dir/C_/Users/Roberto_Carrillo/.pico-sdk/sdk/2.2.0/src/rp2_common/hardware_ticks/ticks.c.obj
 .debug_str     0x000059de      0x987 CMakeFiles/4DOFArm.dir/C_/Users/Roberto_Carrillo/.pico-sdk/sdk/2.2.0/src/rp2_common/pico_bootrom/bootrom.c.obj
 .debug_str     0x000059de      0x2d3 CMakeFiles/4DOFArm.dir/C_/Users/Roberto_Carrillo/.pico-sdk/sdk/2.2.0/src/rp2_common/pico_bootrom/bootrom_lock.c.obj
 .debug_str     0x000059de      0x2b1 CMakeFiles/4DOFArm.dir/C_/Users/Roberto_Carrillo/.pico-sdk/sdk/2.2.0/src/rp2_common/hardware_boot_lock/boot_lock.c.obj
 .debug_str     0x000059de      0x264 CMakeFiles/4DOFArm.dir/C_/Users/Roberto_Carrillo/.pico-sdk/sdk/2.2.0/src/rp2_common/hardware_xosc/xosc.c.obj
 .debug_str     0x000059de      0x2ba CMakeFiles/4DOFArm.dir/C_/Users/Roberto_Carrillo/.pico-sdk/sdk/2.2.0/src/rp2_common/pico_runtime/runtime.c.obj
 .debug_str     0x000059de     0x123e CMakeFiles/4DOFArm.dir/C_/Users/Roberto_Carrillo/.pico-sdk/sdk/2.2.0/src/rp2_common/pico_runtime_init/runtime_init.c.obj
 .debug_str     0x000059de      0x506 CMakeFiles/4DOFArm.dir/C_/Users/Roberto_Carrillo/.pico-sdk/sdk/2.2.0/src/rp2_common/pico_runtime_init/runtime_init_clocks.c.obj
 .debug_str     0x000059de      0x463 CMakeFiles/4DOFArm.dir/C_/Users/Roberto_Carrillo/.pico-sdk/sdk/2.2.0/src/rp2_common/pico_standard_binary_info/standard_binary_info.c.obj
 .debug_str     0x000059de      0x4d0 CMakeFiles/4DOFArm.dir/C_/Users/Roberto_Carrillo/.pico-sdk/sdk/2.2.0/src/rp2_common/pico_printf/printf.c.obj
 .debug_str     0x000059de       0x95 CMakeFiles/4DOFArm.dir/C_/Users/Roberto_Carrillo/.pico-sdk/sdk/2.2.0/src/rp2_common/pico_crt0/crt0.S.obj
 .debug_str     0x000059de      0x8b9 CMakeFiles/4DOFArm.dir/C_/Users/Roberto_Carrillo/.pico-sdk/sdk/2.2.0/src/rp2_common/pico_clib_interface/newlib_interface.c.obj
 .debug_str     0x000059de      0xc4e CMakeFiles/4DOFArm.dir/C_/Users/Roberto_Carrillo/.pico-sdk/sdk/2.2.0/src/rp2_common/pico_stdio/stdio.c.obj
 .debug_str     0x000059de      0x7a1 CMakeFiles/4DOFArm.dir/C_/Users/Roberto_Carrillo/.pico-sdk/sdk/2.2.0/src/rp2_common/hardware_spi/spi.c.obj
 .debug_str     0x000059de     0x1279 CMakeFiles/4DOFArm.dir/C_/Users/Roberto_Carrillo/.pico-sdk/sdk/2.2.0/src/rp2_common/hardware_i2c/i2c.c.obj

.debug_frame    0x00000000     0x2000
 .debug_frame   0x00000000       0x60 CMakeFiles/4DOFArm.dir/4DOFArm.cpp.obj
 .debug_frame   0x00000060      0x374 CMakeFiles/4DOFArm.dir/C_/Users/Roberto_Carrillo/.pico-sdk/sdk/2.2.0/src/rp2_common/hardware_gpio/gpio.c.obj
 .debug_frame   0x000003d4       0x4c CMakeFiles/4DOFArm.dir/C_/Users/Roberto_Carrillo/.pico-sdk/sdk/2.2.0/src/rp2_common/pico_platform_panic/panic.c.obj
 .debug_frame   0x00000420       0x94 CMakeFiles/4DOFArm.dir/C_/Users/Roberto_Carrillo/.pico-sdk/sdk/2.2.0/src/common/hardware_claim/claim.c.obj
 .debug_frame   0x000004b4       0x94 CMakeFiles/4DOFArm.dir/C_/Users/Roberto_Carrillo/.pico-sdk/sdk/2.2.0/src/rp2_common/hardware_sync/sync.c.obj
 .debug_frame   0x00000548       0x40 CMakeFiles/4DOFArm.dir/C_/Users/Roberto_Carrillo/.pico-sdk/sdk/2.2.0/src/rp2_common/hardware_sync_spin_lock/sync_spin_lock.c.obj
 .debug_frame   0x00000588      0x1cc CMakeFiles/4DOFArm.dir/C_/Users/Roberto_Carrillo/.pico-sdk/sdk/2.2.0/src/rp2_common/hardware_irq/irq.c.obj
 .debug_frame   0x00000754       0x20 CMakeFiles/4DOFArm.dir/C_/Users/Roberto_Carrillo/.pico-sdk/sdk/2.2.0/src/common/pico_sync/lock_core.c.obj
 .debug_frame   0x00000774      0x1d0 CMakeFiles/4DOFArm.dir/C_/Users/Roberto_Carrillo/.pico-sdk/sdk/2.2.0/src/common/pico_sync/mutex.c.obj
 .debug_frame   0x00000944      0x378 CMakeFiles/4DOFArm.dir/C_/Users/Roberto_Carrillo/.pico-sdk/sdk/2.2.0/src/common/pico_time/time.c.obj
 .debug_frame   0x00000cbc      0x2d8 CMakeFiles/4DOFArm.dir/C_/Users/Roberto_Carrillo/.pico-sdk/sdk/2.2.0/src/rp2_common/hardware_timer/timer.c.obj
 .debug_frame   0x00000f94      0x1f0 CMakeFiles/4DOFArm.dir/C_/Users/Roberto_Carrillo/.pico-sdk/sdk/2.2.0/src/rp2_common/hardware_clocks/clocks.c.obj
 .debug_frame   0x00001184       0x44 CMakeFiles/4DOFArm.dir/C_/Users/Roberto_Carrillo/.pico-sdk/sdk/2.2.0/src/rp2_common/hardware_pll/pll.c.obj
 .debug_frame   0x000011c8       0x40 CMakeFiles/4DOFArm.dir/C_/Users/Roberto_Carrillo/.pico-sdk/sdk/2.2.0/src/rp2_common/hardware_ticks/ticks.c.obj
 .debug_frame   0x00001208      0x12c CMakeFiles/4DOFArm.dir/C_/Users/Roberto_Carrillo/.pico-sdk/sdk/2.2.0/src/rp2_common/pico_bootrom/bootrom.c.obj
 .debug_frame   0x00001334       0x20 CMakeFiles/4DOFArm.dir/C_/Users/Roberto_Carrillo/.pico-sdk/sdk/2.2.0/src/rp2_common/pico_bootrom/bootrom_lock.c.obj
 .debug_frame   0x00001354       0x40 CMakeFiles/4DOFArm.dir/C_/Users/Roberto_Carrillo/.pico-sdk/sdk/2.2.0/src/rp2_common/hardware_boot_lock/boot_lock.c.obj
 .debug_frame   0x00001394       0x4c CMakeFiles/4DOFArm.dir/C_/Users/Roberto_Carrillo/.pico-sdk/sdk/2.2.0/src/rp2_common/hardware_xosc/xosc.c.obj
 .debug_frame   0x000013e0       0x70 CMakeFiles/4DOFArm.dir/C_/Users/Roberto_Carrillo/.pico-sdk/sdk/2.2.0/src/rp2_common/pico_runtime/runtime.c.obj
 .debug_frame   0x00001450       0xc0 CMakeFiles/4DOFArm.dir/C_/Users/Roberto_Carrillo/.pico-sdk/sdk/2.2.0/src/rp2_common/pico_runtime_init/runtime_init.c.obj
 .debug_frame   0x00001510       0x34 CMakeFiles/4DOFArm.dir/C_/Users/Roberto_Carrillo/.pico-sdk/sdk/2.2.0/src/rp2_common/pico_runtime_init/runtime_init_clocks.c.obj
 .debug_frame   0x00001544      0x2a4 CMakeFiles/4DOFArm.dir/C_/Users/Roberto_Carrillo/.pico-sdk/sdk/2.2.0/src/rp2_common/pico_printf/printf.c.obj
 .debug_frame   0x000017e8      0x190 CMakeFiles/4DOFArm.dir/C_/Users/Roberto_Carrillo/.pico-sdk/sdk/2.2.0/src/rp2_common/pico_clib_interface/newlib_interface.c.obj
 .debug_frame   0x00001978      0x2d8 CMakeFiles/4DOFArm.dir/C_/Users/Roberto_Carrillo/.pico-sdk/sdk/2.2.0/src/rp2_common/pico_stdio/stdio.c.obj
 .debug_frame   0x00001c50      0x138 CMakeFiles/4DOFArm.dir/C_/Users/Roberto_Carrillo/.pico-sdk/sdk/2.2.0/src/rp2_common/hardware_spi/spi.c.obj
 .debug_frame   0x00001d88      0x230 CMakeFiles/4DOFArm.dir/C_/Users/Roberto_Carrillo/.pico-sdk/sdk/2.2.0/src/rp2_common/hardware_i2c/i2c.c.obj
 .debug_frame   0x00001fb8       0x28 C:/Users/ROBERT~1/PICO-S~1/TOOLCH~1/14_2_R~1/bin/../lib/gcc/arm-none-eabi/14.2.1/thumb/v8-m.main+fp/softfp\libg.a(libc_a-memcpy.o)
 .debug_frame   0x00001fe0       0x20 C:/Users/ROBERT~1/PICO-S~1/TOOLCH~1/14_2_R~1/bin/../lib/gcc/arm-none-eabi/14.2.1/thumb/v8-m.main+fp/softfp\libg.a(libc_a-strlen-stub.o)

.debug_line_str
                0x00000000      0x170
 .debug_line_str
                0x00000000      0x170 CMakeFiles/4DOFArm.dir/C_/Users/Roberto_Carrillo/.pico-sdk/sdk/2.2.0/src/rp2_common/pico_crt0/crt0.S.obj
                                 0x87 (size before relaxing)
 .debug_line_str